[    0.000000] Linux version 5.4.98-1.fc25.qubes.x86_64 (user@build-fedora4) (gcc version 6.4.1 20170727 (Red Hat 6.4.1-1) (GCC)) #1 SMP Wed Feb 17 01:49:26 UTC 2021
[    0.000000] Command line: root=/dev/mapper/dmroot ro nomodeset console=hvc0 rd_NO_PLYMOUTH rd.plymouth.enable=0 plymouth.enable=0 xen_scrub_pages=0 nopat
[    0.000000] x86/fpu: Supporting XSAVE feature 0x001: 'x87 floating point registers'
[    0.000000] x86/fpu: Supporting XSAVE feature 0x002: 'SSE registers'
[    0.000000] x86/fpu: Supporting XSAVE feature 0x004: 'AVX registers'
[    0.000000] x86/fpu: Supporting XSAVE feature 0x008: 'MPX bounds registers'
[    0.000000] x86/fpu: Supporting XSAVE feature 0x010: 'MPX CSR'
[    0.000000] x86/fpu: xstate_offset[2]:  576, xstate_sizes[2]:  256
[    0.000000] x86/fpu: xstate_offset[3]:  832, xstate_sizes[3]:   64
[    0.000000] x86/fpu: xstate_offset[4]:  896, xstate_sizes[4]:   64
[    0.000000] x86/fpu: Enabled xstate features 0x1f, context size is 960 bytes, using 'compacted' format.
[    0.000000] BIOS-provided physical RAM map:
[    0.000000] BIOS-e820: [mem 0x0000000000000000-0x000000000009ffff] usable
[    0.000000] BIOS-e820: [mem 0x00000000000a0000-0x00000000000fefff] reserved
[    0.000000] BIOS-e820: [mem 0x00000000000ff000-0x00000000000fffff] ACPI data
[    0.000000] BIOS-e820: [mem 0x0000000000100000-0x00000000fa0003ff] usable
[    0.000000] BIOS-e820: [mem 0x00000000fc000000-0x00000000fc007fff] ACPI data
[    0.000000] x86/PAT: PAT support disabled.
[    0.000000] NX (Execute Disable) protection: active
[    0.000000] DMI not present or invalid.
[    0.000000] Hypervisor detected: Xen HVM
[    0.000000] Xen version 4.8.
[    0.138316] tsc: Fast TSC calibration failed
[    0.138319] tsc: Detected 2808.102 MHz processor
[    0.142251] last_pfn = 0xfa000 max_arch_pfn = 0x400000000
[    0.142310] Disabled
[    0.142329] CPU MTRRs all blank - virtualized system.
[    0.142332] x86/PAT: Configuration [0-7]: WB  WT  UC- UC  WB  WT  UC- UC  
[    0.156107] Using GB pages for direct mapping
[    0.156305] RAMDISK: [mem 0x03a01000-0x049bbfff]
[    0.156358] ACPI: Early table checksum verification disabled
[    0.156368] ACPI: RSDP 0x00000000000FFFC0 000024 (v02 Xen   )
[    0.156371] ACPI: XSDT 0x00000000FC007F70 000034 (v01 Xen    HVM      00000000 HVML 00000000)
[    0.156376] ACPI: FACP 0x00000000FC007D70 00010C (v05 Xen    HVM      00000000 HVML 00000000)
[    0.156380] ACPI: DSDT 0x00000000FC001050 006C9B (v05 Xen    HVM      00000000 INTL 20160831)
[    0.156383] ACPI: FACS 0x00000000FC001010 000040
[    0.156385] ACPI: FACS 0x00000000FC001010 000040
[    0.156387] ACPI: APIC 0x00000000FC007E80 00003C (v02 Xen    HVM      00000000 HVML 00000000)
[    0.157223] No NUMA configuration found
[    0.157224] Faking a node at [mem 0x0000000000000000-0x00000000f9ffffff]
[    0.157237] NODE_DATA(0) allocated [mem 0xf9fd5000-0xf9ffffff]
[    0.166986] Zone ranges:
[    0.166987]   DMA      [mem 0x0000000000001000-0x0000000000ffffff]
[    0.166989]   DMA32    [mem 0x0000000001000000-0x00000000f9ffffff]
[    0.166989]   Normal   empty
[    0.166990]   Device   empty
[    0.166991] Movable zone start for each node
[    0.166993] Early memory node ranges
[    0.166994]   node   0: [mem 0x0000000000001000-0x000000000009ffff]
[    0.166997]   node   0: [mem 0x0000000000100000-0x00000000f9ffffff]
[    0.167122] Zeroed struct page in unavailable ranges: 24673 pages
[    0.167126] Initmem setup node 0 [mem 0x0000000000001000-0x00000000f9ffffff]
[    0.179377] ACPI: No IOAPIC entries present
[    0.179378] Using ACPI for processor (LAPIC) configuration information
[    0.179379] TSC deadline timer available
[    0.179389] smpboot: Allowing 2 CPUs, 0 hotplug CPUs
[    0.179398] [mem 0xfc008000-0xffffffff] available for PCI devices
[    0.179401] Booting paravirtualized kernel on Xen PVH
[    0.179404] clocksource: refined-jiffies: mask: 0xffffffff max_cycles: 0xffffffff, max_idle_ns: 1910969940391419 ns
[    0.258568] setup_percpu: NR_CPUS:8192 nr_cpumask_bits:2 nr_cpu_ids:2 nr_node_ids:1
[    0.259754] percpu: Embedded 52 pages/cpu s176128 r8192 d28672 u1048576
[    0.259789] PV qspinlock hash table entries: 256 (order: 0, 4096 bytes, linear)
[    0.259812] Built 1 zonelists, mobility grouping on.  Total pages: 1007881
[    0.259813] Policy zone: DMA32
[    0.259814] Kernel command line: root=/dev/mapper/dmroot ro nomodeset console=hvc0 rd_NO_PLYMOUTH rd.plymouth.enable=0 plymouth.enable=0 xen_scrub_pages=0 nopat
[    0.259843] You have booted with nomodeset. This means your GPU drivers are DISABLED
[    0.259843] Any video related functionality will be severely degraded, and you may not even be able to suspend the system properly
[    0.259844] Unless you actually understand what nomodeset does, you should reboot without enabling it
[    0.260072] Dentry cache hash table entries: 524288 (order: 10, 4194304 bytes, linear)
[    0.260153] Inode-cache hash table entries: 262144 (order: 9, 2097152 bytes, linear)
[    0.260223] mem auto-init: stack:byref_all, heap alloc:off, heap free:off
[    0.266720] Memory: 3970180K/4095612K available (14339K kernel code, 2232K rwdata, 4504K rodata, 3016K init, 5056K bss, 125432K reserved, 0K cma-reserved)
[    0.266748] random: get_random_u64 called from __kmem_cache_create+0x3f/0x560 with crng_init=0
[    0.266859] SLUB: HWalign=64, Order=0-3, MinObjects=0, CPUs=2, Nodes=1
[    0.266875] Kernel/User page tables isolation: enabled
[    0.266893] ftrace: allocating 40876 entries in 160 pages
[    0.277717] rcu: Hierarchical RCU implementation.
[    0.277722] rcu: 	RCU restricting CPUs from NR_CPUS=8192 to nr_cpu_ids=2.
[    0.277723] 	Tasks RCU enabled.
[    0.277723] rcu: RCU calculated value of scheduler-enlistment delay is 100 jiffies.
[    0.277724] rcu: Adjusting geometry for rcu_fanout_leaf=16, nr_cpu_ids=2
[    0.279780] Using NULL legacy PIC
[    0.279781] NR_IRQS: 524544, nr_irqs: 48, preallocated irqs: 0
[    0.279818] xen:events: Using FIFO-based ABI
[    0.279827] xen:events: Xen HVM callback vector for event delivery is enabled
[    0.281176] random: crng done (trusting CPU's manufacturer)
[    0.281219] Console: colour dummy device 80x25
[    0.481438] printk: console [hvc0] enabled
[    0.481860] ACPI: Core revision 20190816
[    0.481949] ACPI: setting ELCR to 0200 (from ffff)
[    0.482016] Failed to register legacy timer interrupt
[    0.482028] APIC: Switch to symmetric I/O mode setup
[    0.482040] x2apic: IRQ remapping doesn't support X2APIC mode
[    0.482276] clocksource: tsc-early: mask: 0xffffffffffffffff max_cycles: 0x287a2655edf, max_idle_ns: 440795239467 ns
[    0.482341] Calibrating delay loop (skipped), value calculated using timer frequency.. 5616.20 BogoMIPS (lpj=2808102)
[    0.482400] pid_max: default: 32768 minimum: 301
[    0.482488] LSM: Security Framework initializing
[    0.482524] Yama: becoming mindful.
[    0.483334] Mount-cache hash table entries: 8192 (order: 4, 65536 bytes, linear)
[    0.483338] Mountpoint-cache hash table entries: 8192 (order: 4, 65536 bytes, linear)
[    0.483338] *** VALIDATE tmpfs ***
[    0.483338] *** VALIDATE proc ***
[    0.483338] *** VALIDATE cgroup1 ***
[    0.483338] *** VALIDATE cgroup2 ***
[    0.483338] Last level iTLB entries: 4KB 64, 2MB 8, 4MB 8
[    0.483338] Last level dTLB entries: 4KB 64, 2MB 0, 4MB 0, 1GB 4
[    0.483338] Spectre V1 : Mitigation: usercopy/swapgs barriers and __user pointer sanitization
[    0.483338] Spectre V2 : Mitigation: Full generic retpoline
[    0.483338] Spectre V2 : Spectre v2 / SpectreRSB mitigation: Filling RSB on context switch
[    0.483338] Spectre V2 : Enabling Restricted Speculation for firmware calls
[    0.483338] Spectre V2 : mitigation: Enabling conditional Indirect Branch Prediction Barrier
[    0.483338] Spectre V2 : User space: Mitigation: STIBP via seccomp and prctl
[    0.483338] Speculative Store Bypass: Mitigation: Speculative Store Bypass disabled via prctl and seccomp
[    0.483338] SRBDS: Unknown: Dependent on hypervisor status
[    0.483338] MDS: Mitigation: Clear CPU buffers
[    0.483338] Freeing SMP alternatives memory: 32K
[    0.483338] clocksource: xen: mask: 0xffffffffffffffff max_cycles: 0x1cd42e4dffb, max_idle_ns: 881590591483 ns
[    0.483338] installing Xen timer for CPU 0
[    0.483338] smpboot: CPU0: Intel(R) Core(TM) i7-7700HQ CPU @ 2.80GHz (family: 0x6, model: 0x9e, stepping: 0x9)
[    0.483338] cpu 0 spinlock event irq 5
[    0.483457] Performance Events: unsupported p6 CPU model 158 no PMU driver, software events only.
[    0.483550] rcu: Hierarchical SRCU implementation.
[    0.484062] NMI watchdog: Perf NMI watchdog permanently disabled
[    0.484132] smp: Bringing up secondary CPUs ...
[    0.484200] installing Xen timer for CPU 1
[    0.484254] x86: Booting SMP configuration:
[    0.484263] .... node  #0, CPUs:      #1
[    0.484864] cpu 1 spinlock event irq 11
[    0.484864] smp: Brought up 1 node, 2 CPUs
[    0.484864] smpboot: Max logical packages: 1
[    0.484864] smpboot: Total of 2 processors activated (11232.40 BogoMIPS)
[    0.484864] devtmpfs: initialized
[    0.485374] x86/mm: Memory block size: 128MB
[    0.485653] clocksource: jiffies: mask: 0xffffffff max_cycles: 0xffffffff, max_idle_ns: 1911260446275000 ns
[    0.485653] futex hash table entries: 512 (order: 3, 32768 bytes, linear)
[    0.485653] pinctrl core: initialized pinctrl subsystem
[    0.506464] PM: RTC time: 165:165:165, date: 2065-165-165
[    0.507511] NET: Registered protocol family 16
[    0.507537] xen:grant_table: Grant tables using version 1 layout
[    0.507566] Grant table initialized
[    0.507642] audit: initializing netlink subsys (disabled)
[    0.507691] audit: type=2000 audit(1619670430.193:1): state=initialized audit_enabled=0 res=1
[    0.507691] cpuidle: using governor menu
[    0.507691] ACPI: bus type PCI registered
[    0.507691] PCI: Fatal: No config space access function found
[    0.509457] HugeTLB registered 1.00 GiB page size, pre-allocated 0 pages
[    0.509457] HugeTLB registered 2.00 MiB page size, pre-allocated 0 pages
[    0.615397] cryptd: max_cpu_qlen set to 1000
[    0.617510] alg: No test for 842 (842-generic)
[    0.617510] alg: No test for 842 (842-scomp)
[    0.622430] ACPI: Added _OSI(Module Device)
[    0.622443] ACPI: Added _OSI(Processor Device)
[    0.622455] ACPI: Added _OSI(3.0 _SCP Extensions)
[    0.622467] ACPI: Added _OSI(Processor Aggregator Device)
[    0.622478] ACPI: Added _OSI(Linux-Dell-Video)
[    0.622493] ACPI: Added _OSI(Linux-Lenovo-NV-HDMI-Audio)
[    0.622505] ACPI: Added _OSI(Linux-HPI-Hybrid-Graphics)
[    0.625208] ACPI: 1 ACPI AML tables successfully acquired and loaded
[    0.625462] ACPI: SCI (ACPI GSI 9) not registered
[    0.629136] ACPI: Interpreter enabled
[    0.629151] ACPI: (supports S0)
[    0.629161] ACPI: Using platform specific model for interrupt routing
[    0.629192] PCI: Using host bridge windows from ACPI; if necessary, use "pci=nocrs" and report a bug
[    0.629370] ACPI: Enabled 1 GPEs in block 00 to 0F
[    0.629394] ACPI Error: No handler or method for GPE 00, disabling event (20190816/evgpe-841)
[    0.629423] ACPI Error: No handler or method for GPE 01, disabling event (20190816/evgpe-841)
[    0.629462] ACPI Error: No handler or method for GPE 03, disabling event (20190816/evgpe-841)
[    0.629490] ACPI Error: No handler or method for GPE 04, disabling event (20190816/evgpe-841)
[    0.629519] ACPI Error: No handler or method for GPE 05, disabling event (20190816/evgpe-841)
[    0.629547] ACPI Error: No handler or method for GPE 06, disabling event (20190816/evgpe-841)
[    0.629574] ACPI Error: No handler or method for GPE 07, disabling event (20190816/evgpe-841)
[    0.635899] xen:balloon: Initialising balloon driver
[    0.635967] iommu: Default domain type: Translated 
[    0.635967] vgaarb: loaded
[    0.635967] SCSI subsystem initialized
[    0.636375] ACPI: bus type USB registered
[    0.636394] usbcore: registered new interface driver usbfs
[    0.636416] usbcore: registered new interface driver hub
[    0.636431] usbcore: registered new device driver usb
[    0.636469] pps_core: LinuxPPS API ver. 1 registered
[    0.636480] pps_core: Software ver. 5.3.6 - Copyright 2005-2007 Rodolfo Giometti <giometti@linux.it>
[    0.636502] PTP clock support registered
[    0.636549] EDAC MC: Ver: 3.0.0
[    0.636549] PCI: Using ACPI for IRQ routing
[    0.636549] PCI: System does not support PCI
[    0.636549] NetLabel: Initializing
[    0.636549] NetLabel:  domain hash size = 128
[    0.636549] NetLabel:  protocols = UNLABELED CIPSOv4 CALIPSO
[    0.636549] NetLabel:  unlabeled traffic allowed by default
[    0.636549] clocksource: Switched to clocksource xen
[    0.656731] *** VALIDATE bpf ***
[    0.656835] VFS: Disk quotas dquot_6.6.0
[    0.656858] VFS: Dquot-cache hash table entries: 512 (order 0, 4096 bytes)
[    0.656889] *** VALIDATE ramfs ***
[    0.656899] *** VALIDATE hugetlbfs ***
[    0.656953] pnp: PnP ACPI init
[    0.656992] pnp: PnP ACPI: found 0 devices
[    0.657927] thermal_sys: Registered thermal governor 'fair_share'
[    0.657928] thermal_sys: Registered thermal governor 'bang_bang'
[    0.657943] thermal_sys: Registered thermal governor 'step_wise'
[    0.657956] thermal_sys: Registered thermal governor 'user_space'
[    0.658033] NET: Registered protocol family 2
[    0.658231] tcp_listen_portaddr_hash hash table entries: 2048 (order: 3, 32768 bytes, linear)
[    0.658279] TCP established hash table entries: 32768 (order: 6, 262144 bytes, linear)
[    0.658518] TCP bind hash table entries: 32768 (order: 7, 524288 bytes, linear)
[    0.658992] TCP: Hash tables configured (established 32768 bind 32768)
[    0.659223] UDP hash table entries: 2048 (order: 4, 65536 bytes, linear)
[    0.815653] UDP-Lite hash table entries: 2048 (order: 4, 65536 bytes, linear)
[    0.815815] NET: Registered protocol family 1
[    0.815854] NET: Registered protocol family 44
[    0.815867] PCI: CLS 0 bytes, default 64
[    0.815900] Trying to unpack rootfs image as initramfs...
[    0.822803] Freeing initrd memory: 16108K
[    0.823656] Initialise system trusted keyrings
[    0.823716] Key type blacklist registered
[    0.823813] workingset: timestamp_bits=36 max_order=20 bucket_order=0
[    0.824880] zbud: loaded
[    0.825260] Platform Keyring initialized
[    0.827846] NET: Registered protocol family 38
[    0.827862] Key type asymmetric registered
[    0.827871] Asymmetric key parser 'x509' registered
[    0.827891] Block layer SCSI generic (bsg) driver version 0.4 loaded (major 245)
[    0.828018] io scheduler mq-deadline registered
[    0.828031] io scheduler kyber registered
[    0.828063] io scheduler bfq registered
[    0.828123] atomic64_test: passed for x86-64 platform with CX8 and with SSE
[    0.974551] Serial: 8250/16550 driver, 32 ports, IRQ sharing enabled
[    0.975843] Non-volatile memory driver v1.3
[    0.975892] Linux agpgart interface v0.103
[    0.976550] libphy: Fixed MDIO Bus: probed
[    0.976683] usbcore: registered new interface driver usbserial_generic
[    0.976704] usbserial: USB Serial support registered for generic
[    0.976730] i8042: PNP: No PS/2 controller found.
[    0.976763] mousedev: PS/2 mouse device common for all mice
[    0.976833] device-mapper: uevent: version 1.0.3
[    0.976887] device-mapper: ioctl: 4.41.0-ioctl (2019-09-16) initialised: dm-devel@redhat.com
[    0.976955] intel_pstate: CPU model not supported
[    0.976990] hidraw: raw HID events driver (C) Jiri Kosina
[    0.977025] usbcore: registered new interface driver usbhid
[    0.977040] usbhid: USB HID core driver
[    0.977120] intel_pmc_core intel_pmc_core.0:  initialized
[    0.977146] drop_monitor: Initializing network drop monitor service
[    0.977208] Initializing XFRM netlink socket
[    0.977315] NET: Registered protocol family 10
[    0.980887] Segment Routing with IPv6
[    0.980919] mip6: Mobile IPv6
[    0.980932] NET: Registered protocol family 17
[    0.984494] RAS: Correctable Errors collector initialized.
[    0.984519] IPI shorthand broadcast: enabled
[    0.984552] AVX2 version of gcm_enc/dec engaged.
[    0.984566] AES CTR mode by8 optimization enabled
[    0.995765] sched_clock: Marking stable (793985807, 201358245)->(1062223407, -66879355)
[    0.995884] registered taskstats version 1
[    0.995915] Loading compiled-in X.509 certificates
[    1.021785] Loaded X.509 cert 'Build time autogenerated kernel key: faf898d6412c6b3aa1995fc5928d8cfaf261d7c7'
[    1.021835] zswap: loaded using pool lzo/zbud
[    1.021952] Key type ._fscrypt registered
[    1.021965] Key type .fscrypt registered
[    1.025266] Key type big_key registered
[    1.027201] Key type encrypted registered
[    1.027382] ima: No TPM chip found, activating TPM-bypass!
[    1.027622] ima: Allocated hash algorithm: sha256
[    1.027869] ima: No architecture policies found
[    1.028326] xenbus_probe_frontend: Device with no driver: device/vbd/51712
[    1.028464] xenbus_probe_frontend: Device with no driver: device/vbd/51728
[    1.028668] xenbus_probe_frontend: Device with no driver: device/vbd/51744
[    1.028891] xenbus_probe_frontend: Device with no driver: device/vbd/51760
[    1.029131] xenbus_probe_frontend: Device with no driver: device/vif/0
[    1.029380] PM:   Magic number: 1:252:3141
[    1.029546] hctosys: unable to open rtc device (rtc0)
[    1.031626] Freeing unused decrypted memory: 2040K
[    1.032795] Freeing unused kernel image memory: 3016K
[    1.196463] Write protecting the kernel read-only data: 22528k
[    1.198230] Freeing unused kernel image memory: 2036K
[    1.199864] Freeing unused kernel image memory: 1640K
[    1.199907] rodata_test: all tests were successful
[    1.199924] Run /init as init process
Qubes initramfs script here:
[    1.207728] Invalid max_queues (4), will use default max: 2.
[    1.362199] blkfront: xvda: flush diskcache: enabled; persistent grants: enabled; indirect descriptors: enabled;
[    1.374244]  xvda: xvda1 xvda2 xvda3
[    1.398775] blkfront: xvdb: flush diskcache: enabled; persistent grants: enabled; indirect descriptors: enabled;
[    1.423401] blkfront: xvdc: flush diskcache: enabled; persistent grants: enabled; indirect descriptors: enabled;
[    1.428899] blkfront: xvdd: flush diskcache: enabled; persistent grants: enabled; indirect descriptors: enabled;
Waiting for /dev/xvda* devices...
Qubes: Doing R/W setup for TemplateVM...
[    3.802760] clocksource: tsc: mask: 0xffffffffffffffff max_cycles: 0x287a2655edf, max_idle_ns: 440795239467 ns
[    3.810756]  xvdc: xvdc1 xvdc3
Setting up swapspace version 1, size = 1024 MiB (1073737728 bytes)
no label, UUID=89650ea1-86d8-4dde-925e-a0ee202f6634
Qubes: done.
[    3.835194] EXT4-fs (xvda3): mounted filesystem with ordered data mode. Opts: (null)
Waiting for /dev/xvdd device...
mount: /dev/xvdd is write-protected, mounting read-only
[    3.840090] EXT4-fs (xvdd): mounting ext3 file system using the ext4 subsystem
[    3.841932] EXT4-fs (xvdd): mounted filesystem with ordered data mode. Opts: (null)
[    3.866135] EXT4-fs (xvda3): re-mounted. Opts: (null)
switch_root: failed to mount moving /dev to /sysroot/dev: Invalid argument
switch_root: forcing unmount of /dev
switch_root: failed to mount moving /proc to /sysroot/proc: Invalid argument
switch_root: forcing unmount of /proc
switch_root: failed to mount moving /sys to /sysroot/sys: Invalid argument
switch_root: forcing unmount of /sys
switch_root: failed to mount moving /run to /sysroot/run: Invalid argument
switch_root: forcing unmount of /run
[    3.977095] systemd[1]: systemd v245.8-2.fc32 running in system mode. (+PAM +AUDIT +SELINUX +IMA -APPARMOR +SMACK +SYSVINIT +UTMP +LIBCRYPTSETUP +GCRYPT +GNUTLS +ACL +XZ +LZ4 +SECCOMP +BLKID +ELFUTILS +KMOD +IDN2 -IDN +PCRE2 default-hierarchy=unified)
[    3.977203] systemd[1]: Detected virtualization xen.
[    3.977218] systemd[1]: Detected architecture x86-64.

Welcome to .[0;34mFedora 32 (Thirty Two).[0m!

[    3.978389] systemd[1]: No hostname configured.
[    3.978406] systemd[1]: Set hostname to <localhost>.
[    4.124037] systemd[1]: /usr/lib/systemd/system/qubes-meminfo-writer.service:8: PIDFile= references a path below legacy directory /var/run/, updating /var/run/meminfo-writer.pid → /run/meminfo-writer.pid; please update the unit file accordingly.
[    4.145796] systemd[1]: Created slice system-getty.slice.
[.[0;32m  OK  .[0m] Created slice .[0;1;39msystem-getty.slice.[0m.
[    4.146116] systemd[1]: Created slice system-modprobe.slice.
[.[0;32m  OK  .[0m] Created slice .[0;1;39msystem-modprobe.slice.[0m.
[    4.146422] systemd[1]: Created slice system-serial\x2dgetty.slice.
[.[0;32m  OK  .[0m] Created slice .[0;1;39msystem-serial\x2dgetty.slice.[0m.
[    4.146650] systemd[1]: Created slice User and Session Slice.
[.[0;32m  OK  .[0m] Created slice .[0;1;39mUser and Session Slice.[0m.
[    4.146813] systemd[1]: Started Dispatch Password Requests to Console Directory Watch.
[.[0;32m  OK  .[0m] Started .[0;1;39mDispatch Password …ts to Console Directory Watch.[0m.
[    4.146949] systemd[1]: Started Forward Password Requests to Wall Directory Watch.
[.[0;32m  OK  .[0m] Started .[0;1;39mForward Password R…uests to Wall Directory Watch.[0m.
[    4.147234] systemd[1]: Set up automount Arbitrary Executable File Formats File System Automount Point.
[.[0;32m  OK  .[0m] Set up automount .[0;1;39mArbitrary…s File System Automount Point.[0m.
[    4.147336] systemd[1]: Reached target Local Encrypted Volumes.
[.[0;32m  OK  .[0m] Reached target .[0;1;39mLocal Encrypted Volumes.[0m.
[    4.147430] systemd[1]: Reached target Remote File Systems.
[.[0;32m  OK  .[0m] Reached target .[0;1;39mRemote File Systems.[0m.
[    4.147502] systemd[1]: Reached target Slices.
[.[0;32m  OK  .[0m] Reached target .[0;1;39mSlices.[0m.
[    4.148621] systemd[1]: Listening on Process Core Dump Socket.
[.[0;32m  OK  .[0m] Listening on .[0;1;39mProcess Core Dump Socket.[0m.
[    4.148747] systemd[1]: Listening on initctl Compatibility Named Pipe.
[.[0;32m  OK  .[0m] Listening on .[0;1;39minitctl Compatibility Named Pipe.[0m.
[    4.148943] systemd[1]: Listening on Journal Audit Socket.
[.[0;32m  OK  .[0m] Listening on .[0;1;39mJournal Audit Socket.[0m.
[    4.149074] systemd[1]: Listening on Journal Socket (/dev/log).
[.[0;32m  OK  .[0m] Listening on .[0;1;39mJournal Socket (/dev/log).[0m.
[    4.149219] systemd[1]: Listening on Journal Socket.
[.[0;32m  OK  .[0m] Listening on .[0;1;39mJournal Socket.[0m.
[    4.149369] systemd[1]: Listening on udev Control Socket.
[.[0;32m  OK  .[0m] Listening on .[0;1;39mudev Control Socket.[0m.
[    4.149490] systemd[1]: Listening on udev Kernel Socket.
[.[0;32m  OK  .[0m] Listening on .[0;1;39mudev Kernel Socket.[0m.
[    4.149618] systemd[1]: Listening on User Database Manager Socket.
[.[0;32m  OK  .[0m] Listening on .[0;1;39mUser Database Manager Socket.[0m.
[    4.150325] systemd[1]: Mounting Huge Pages File System...
         Mounting .[0;1;39mHuge Pages File System.[0m...
[    4.203844] systemd[1]: Mounting POSIX Message Queue File System...
         Mounting .[0;1;39mPOSIX Message Queue File System.[0m...
[    4.204514] systemd[1]: Mounting /proc/xen...
         Mounting .[0;1;39m/proc/xen.[0m...
[    4.205304] systemd[1]: Mounting Kernel Debug File System...
         Mounting .[0;1;39mKernel Debug File System.[0m...
[    4.206176] systemd[1]: Mounting Kernel Trace File System...
         Mounting .[0;1;39mKernel Trace File System.[0m...
[    4.207020] systemd[1]: Starting Create list of static device nodes for the current kernel...
         Starting .[0;1;39mCreate list of st…odes for the current kernel.[0m...
[    4.207778] systemd[1]: Starting Load Kernel Module drm...
         Starting .[0;1;39mLoad Kernel Module drm.[0m...
[    4.208400] systemd[1]: Condition check resulted in Set Up Additional Binary Formats being skipped.
[    4.209061] systemd[1]: Starting File System Check on Root Device...
         Starting .[0;1;39mFile System Check on Root Device.[0m...
[    4.211672] systemd[1]: Starting Load Kernel Modules...
         Starting .[0;1;39mLoad Kernel Modules.[0m...
[    4.212324] systemd[1]: Starting Repartition Root Disk...
         Starting .[0;1;39mRepartition Root Disk.[0m...
[    4.213002] systemd[1]: Starting udev Coldplug all Devices...
         Starting .[0;1;39mudev Coldplug all Devices.[0m...
[    4.214475] systemd[1]: Finished Create list of static device nodes for the current kernel.
[.[0;32m  OK  .[0m] Finished .[0;1;39mCreate list of st… nodes for the current kernel.[0m.
[    4.230873] systemd[1]: Mounted Huge Pages File System.
[.[0;32m  OK  .[0m] Mounted .[0;1;39mHuge Pages File System.[0m.
[    4.231023] systemd[1]: Mounted POSIX Message Queue File System.
[.[0;32m  OK  .[0m] Mounted .[0;1;39mPOSIX Message Queue File System.[0m.
[    4.231279] systemd[1]: Mounted Kernel Debug File System.
[.[0;32m  OK  .[0m] Mounted .[0;1;39mKernel Debug File System.[0m.
[    4.231531] systemd[1]: Mounted Kernel Trace File System.
[.[0;32m  OK  .[0m] Mounted .[0;1;39mKernel Trace File System.[0m.
[    4.231790] systemd[1]: Finished Repartition Root Disk.
[.[0;32m  OK  .[0m] Finished .[0;1;39mRepartition Root Disk.[0m.
[    4.234389] xen:xen_evtchn: Event-channel device installed
[    4.237905] systemd[1]: modprobe@drm.service: Succeeded.
[    4.239933] systemd[1]: Finished Load Kernel Module drm.
[.[0;32m  OK  .[0m] Finished .[0;1;39mLoad Kernel Module drm.[0m.
[    4.242576] systemd[1]: Finished File System Check on Root Device.
[.[0;32m  OK  .[0m] Finished .[0;1;39mFile System Check on Root Device.[0m.
[    4.243446] u2mfn: loading out-of-tree module taints kernel.
[    4.243662] systemd[1]: Starting Remount Root and Kernel File Systems...
         Starting .[0;1;39mRemount Root and Kernel File Systems.[0m...
[    4.405075] systemd[1]: Mounted /proc/xen.
[.[0;32m  OK  .[0m] Mounted .[0;1;39m/proc/xen.[0m.
[    4.406012] systemd[1]: Finished Load Kernel Modules.
[.[0;32m  OK  .[0m] Finished .[0;1;39mLoad Kernel Modules.[0m.
[    4.406292] systemd[1]: Condition check resulted in FUSE Control File System being skipped.
[    4.406862] systemd[1]: Mounting Kernel Configuration File System...
         Mounting .[0;1;39mKernel Configuration File System.[0m...
[    4.407499] systemd[1]: Starting Qubes DB agent...
         Starting .[0;1;39mQubes DB agent.[0m...
[    4.408141] systemd[1]: Starting Apply Kernel Variables...
         Starting .[0;1;39mApply Kernel Variables.[0m...
[    4.417216] systemd[1]: Mounted Kernel Configuration File System.
[.[0;32m  OK  .[0m] Mounted .[0;1;39mKernel Configuration File System.[0m.
[    4.419498] EXT4-fs (xvda3): re-mounted. Opts: discard
[    4.426987] systemd[1]: Finished Remount Root and Kernel File Systems.
[.[0;32m  OK  .[0m] Finished .[0;1;39mRemount Root and Kernel File Systems.[0m.
[    4.428520] systemd[1]: Finished Apply Kernel Variables.
[.[0;32m  OK  .[0m] Finished .[0;1;39mApply Kernel Variables.[0m.
[    4.428888] systemd[1]: Condition check resulted in OSTree Remount OS/ Bind Mounts being skipped.
[    4.429062] systemd[1]: Condition check resulted in First Boot Wizard being skipped.
[    4.430826] systemd[1]: Condition check resulted in Rebuild Hardware Database being skipped.
[    4.430873] systemd[1]: Condition check resulted in Create System Users being skipped.
[    4.431445] systemd[1]: Starting Create Static Device Nodes in /dev...
         Starting .[0;1;39mCreate Static Device Nodes in /dev.[0m...
[    4.436744] systemd[1]: Started Qubes DB agent.
[.[0;32m  OK  .[0m] Started .[0;1;39mQubes DB agent.[0m.
[    4.437483] systemd[1]: Starting Init Qubes Services settings...
         Starting .[0;1;39mInit Qubes Services settings.[0m...
[    4.438108] systemd[1]: Starting Load/Save Random Seed...
         Starting .[0;1;39mLoad/Save Random Seed.[0m...
[    4.448526] systemd[1]: Finished udev Coldplug all Devices.
[.[0;32m  OK  .[0m] Finished .[0;1;39mudev Coldplug all Devices.[0m.
[    4.464946] systemd[1]: Finished Load/Save Random Seed.
[.[0;32m  OK  .[0m] Finished .[0;1;39mLoad/Save Random Seed.[0m.
[    4.473631] systemd[1]: Finished Create Static Device Nodes in /dev.
[.[0;32m  OK  .[0m] Finished .[0;1;39mCreate Static Device Nodes in /dev.[0m.
[    4.473831] systemd[1]: Reached target Local File Systems (Pre).
[.[0;32m  OK  .[0m] Reached target .[0;1;39mLocal File Systems (Pre).[0m.
[    4.475487] systemd[1]: Started Entropy Daemon based on the HAVEGE algorithm.
[.[0;32m  OK  .[0m] Started .[0;1;39mEntropy Daemon based on the HAVEGE algorithm.[0m.
[    4.476609] systemd[1]: Starting Journal Service...
         Starting .[0;1;39mJournal Service.[0m...
[    4.477305] systemd[1]: Starting udev Kernel Device Manager...
         Starting .[0;1;39mudev Kernel Device Manager.[0m...
[    4.500553] systemd[1]: Finished Init Qubes Services settings.
[.[0;32m  OK  .[0m] Finished .[0;1;39mInit Qubes Services settings.[0m.
[    4.501390] systemd[1]: Starting Initialize and mount /rw and /home...
         Starting .[0;1;39mInitialize and mount /rw and /home.[0m...
[    4.604292] systemd[1]: Starting Adjust root filesystem size...
         Starting .[0;1;39mAdjust root filesystem size.[0m...
[    4.632451] systemd[1]: Started Journal Service.
[.[0;32m  OK  .[0m] Started .[0;1;39mJournal Service.[0m.
[    4.632660] audit: type=1130 audit(1619670434.318:2): pid=1 uid=0 auid=4294967295 ses=4294967295 msg='unit=systemd-journald comm="systemd" exe="/usr/lib/systemd/systemd" hostname=? addr=? terminal=? res=success'
         Starting .[0;1;39mFlush Journal to Persistent Storage.[0m...
[    4.640484] systemd-journald[272]: Received client request to flush runtime journal.
[.[0;32m  OK  .[0m] Finished .[0;1;39mAdjust root filesystem size.[0m.
[    4.684818] audit: type=1130 audit(1619670434.370:3): pid=1 uid=0 auid=4294967295 ses=4294967295 msg='unit=qubes-rootfs-resize comm="systemd" exe="/usr/lib/systemd/systemd" hostname=? addr=? terminal=? res=success'
[.[0;32m  OK  .[0m] Finished .[0;1;39mFlush Journal to Persistent Storage.[0m.
[    4.738032] audit: type=1130 audit(1619670434.423:4): pid=1 uid=0 auid=4294967295 ses=4294967295 msg='unit=systemd-journal-flush comm="systemd" exe="/usr/lib/systemd/systemd" hostname=? addr=? terminal=? res=success'
[.[0;32m  OK  .[0m] Started .[0;1;39mudev Kernel Device Manager.[0m.
[    4.875604] audit: type=1130 audit(1619670434.561:5): pid=1 uid=0 auid=4294967295 ses=4294967295 msg='unit=systemd-udevd comm="systemd" exe="/usr/lib/systemd/systemd" hostname=? addr=? terminal=? res=success'
[    4.904905] EXT4-fs (xvdb): mounted filesystem with ordered data mode. Opts: discard
[    4.982805] input: PC Speaker as /devices/platform/pcspkr/input/input0
[.[0;32m  OK  .[0m] Finished .[0;1;39mInitialize and mount /rw and /home.[0m.
[    4.989593] audit: type=1130 audit(1619670434.675:6): pid=1 uid=0 auid=4294967295 ses=4294967295 msg='unit=qubes-mount-dirs comm="systemd" exe="/usr/lib/systemd/systemd" hostname=? addr=? terminal=? res=success'
[    5.074780] xen_netfront: Initialising Xen virtual ethernet driver
[.[0;32m  OK  .[0m] Found device .[0;1;39m/dev/hvc0.[0m.
[.[0;32m  OK  .[0m] Found device .[0;1;39m/dev/xvdc1.[0m.
         Activating swap .[0;1;39m/dev/xvdc1.[0m...
[    5.136403] Adding 1048572k swap on /dev/xvdc1.  Priority:-2 extents:1 across:1048572k SSFS
[.[0;32m  OK  .[0m] Activated swap .[0;1;39m/dev/xvdc1.[0m.
[.[0;32m  OK  .[0m] Reached target .[0;1;39mSwap.[0m.
         Mounting .[0;1;39mTemporary Directory (/tmp).[0m...
[.[0;32m  OK  .[0m] Mounted .[0;1;39mTemporary Directory (/tmp).[0m.
[.[0;32m  OK  .[0m] Reached target .[0;1;39mLocal File Systems.[0m.
         Starting .[0;1;39mRestore /run/initramfs on shutdown.[0m...
         Starting .[0;1;39mEarly Qubes VM settings.[0m...
         Starting .[0;1;39mCreate Volatile Files and Directories.[0m...
[.[0;32m  OK  .[0m] Finished .[0;1;39mRestore /run/initramfs on shutdown.[0m.
[    5.157546] audit: type=1130 audit(1619670434.842:7): pid=1 uid=0 auid=4294967295 ses=4294967295 msg='unit=dracut-shutdown comm="systemd" exe="/usr/lib/systemd/systemd" hostname=? addr=? terminal=? res=success'
[.[0;32m  OK  .[0m] Finished .[0;1;39mEarly Qubes VM settings.[0m.
[    5.165518] audit: type=1130 audit(1619670434.851:8): pid=1 uid=0 auid=4294967295 ses=4294967295 msg='unit=qubes-early-vm-config comm="systemd" exe="/usr/lib/systemd/systemd" hostname=? addr=? terminal=? res=success'
[.[0;32m  OK  .[0m] Finished .[0;1;39mCreate Volatile Files and Directories.[0m.
[    5.171396] audit: type=1130 audit(1619670434.857:9): pid=1 uid=0 auid=4294967295 ses=4294967295 msg='unit=systemd-tmpfiles-setup comm="systemd" exe="/usr/lib/systemd/systemd" hostname=? addr=? terminal=? res=success'
[.[0;32m  OK  .[0m] Reached target .[0;1;39mSystem Time Set.[0m.
[.[0;32m  OK  .[0m] Reached target .[0;1;39mSystem Time Synchronized.[0m.
         Starting .[0;1;39mUpdate UTMP about System Boot/Shutdown.[0m...
[    5.179215] audit: type=1127 audit(1619670434.864:10): pid=400 uid=0 auid=4294967295 ses=4294967295 msg=' comm="systemd-update-utmp" exe="/usr/lib/systemd/systemd-update-utmp" hostname=? addr=? terminal=? res=success'
[.[0;32m  OK  .[0m] Finished .[0;1;39mUpdate UTMP about System Boot/Shutdown.[0m.
[.[0;32m  OK  .[0m] Reached target .[0;1;39mSystem Initialization.[0m.
[.[0;32m  OK  .[0m] Started .[0;1;39mDiscard unused blocks once a week.[0m.
[.[0;32m  OK  .[0m] Started .[0;1;39mDaily rotation of log files.[0m.
[.[0;32m  OK  .[0m] Started .[0;1;39mUpdate system time each 6h.[0m.
[.[0;32m  OK  .[0m] Started .[0;1;39mPeriodically check for updates.[0m.
[.[0;32m  OK  .[0m] Started .[0;1;39mWeekly RAID setup health check.[0m.
[.[0;32m  OK  .[0m] Started .[0;1;39mDaily Cleanup of Temporary Directories.[0m.
[.[0;32m  OK  .[0m] Started .[0;1;39mdaily update of the root trust anchor for DNSSEC.[0m.
[.[0;32m  OK  .[0m] Reached target .[0;1;39mPaths.[0m.
[.[0;32m  OK  .[0m] Reached target .[0;1;39mTimers.[0m.
[.[0;32m  OK  .[0m] Listening on .[0;1;39mD-Bus System Message Bus Socket.[0m.
[.[0;32m  OK  .[0m] Reached target .[0;1;39mSockets.[0m.
[.[0;32m  OK  .[0m] Reached target .[0;1;39mBasic System.[0m.
         Starting .[0;1;39mModem Manager.[0m...
         Starting .[0;1;39mNetwork Manager.[0m...
         Starting .[0;1;39mQubes base firewall settings.[0m...
         Starting .[0;1;39mQubes memory information reporter.[0m...
         Starting .[0;1;39mHome Area Manager.[0m...
         Starting .[0;1;39mLogin Service.[0m...
         Starting .[0;1;39mXen driver domain device daemon.[0m...
[.[0;32m  OK  .[0m] Started .[0;1;39mQubes memory information reporter.[0m.
         Starting .[0;1;39mQubes GUI Agent.[0m...
         Starting .[0;1;39mD-Bus System Message Bus.[0m...
[.[0;32m  OK  .[0m] Started .[0;1;39mXen driver domain device daemon.[0m.
         Starting .[0;1;39mQubes remote exec agent.[0m...
[.[0;32m  OK  .[0m] Started .[0;1;39mQubes GUI Agent.[0m.
[.[0;32m  OK  .[0m] Started .[0;1;39mQubes remote exec agent.[0m.
[.[0;32m  OK  .[0m] Started .[0;1;39mD-Bus System Message Bus.[0m.
[.[0;32m  OK  .[0m] Started .[0;1;39mHome Area Manager.[0m.
[.[0;32m  OK  .[0m] Started .[0;1;39mLogin Service.[0m.
[.[0;32m  OK  .[0m] Finished .[0;1;39mQubes base firewall settings.[0m.
         Starting .[0;1;39mQubes firewall updater.[0m...
[.[0;32m  OK  .[0m] Started .[0;1;39mModem Manager.[0m.
[    5.513535] kauditd_printk_skb: 16 callbacks suppressed
[    5.513536] audit: type=1325 audit(1619670435.195:27): table=nat family=2 entries=14
[    5.533365] audit: type=1325 audit(1619670435.213:28): table=nat family=2 entries=14
[.[0;32m  OK  .[0m] Started .[0;1;39mNetwork Manager.[0m.
[    5.560440] audit: type=1130 audit(1619670435.245:29): pid=1 uid=0 auid=4294967295 ses=4294967295 msg='unit=NetworkManager comm="systemd" exe="/usr/lib/systemd/systemd" hostname=? addr=? terminal=? res=success'
         Starting .[0;1;39mHostname Service.[0m...
[.[0;32m  OK  .[0m] Started .[0;1;39mHostname Service.[0m.
[    5.609782] audit: type=1130 audit(1619670435.295:30): pid=1 uid=0 auid=4294967295 ses=4294967295 msg='unit=systemd-hostnamed comm="systemd" exe="/usr/lib/systemd/systemd" hostname=? addr=? terminal=? res=success'
[.[0;32m  OK  .[0m] Listening on .[0;1;39mLoad/Save RF …itch Status /dev/rfkill Watch.[0m.
         Starting .[0;1;39mNetwork Manager Script Dispatcher Service.[0m...
[.[0;32m  OK  .[0m] Started .[0;1;39mNetwork Manager Script Dispatcher Service.[0m.
[    5.653522] audit: type=1130 audit(1619670435.338:31): pid=1 uid=0 auid=4294967295 ses=4294967295 msg='unit=NetworkManager-dispatcher comm="systemd" exe="/usr/lib/systemd/systemd" hostname=? addr=? terminal=? res=success'
[    5.693429] audit: type=1325 audit(1619670435.375:32): table=nat family=2 entries=14
[    5.720399] audit: type=1325 audit(1619670435.402:33): table=nat family=2 entries=14
[    5.734495] audit: type=1325 audit(1619670435.415:34): table=nat family=2 entries=14
[.[0;32m  OK  .[0m] Started .[0;1;39mQubes firewall updater.[0m.
[    6.615560] audit: type=1130 audit(1619670436.301:35): pid=1 uid=0 auid=4294967295 ses=4294967295 msg='unit=qubes-firewall comm="systemd" exe="/usr/lib/systemd/systemd" hostname=? addr=? terminal=? res=success'
         Starting .[0;1;39mQubes network forwarding setup.[0m...
[    6.649521] audit: type=1325 audit(1619670436.329:36): table=nat family=2 entries=18
[.[0;32m  OK  .[0m] Finished .[0;1;39mQubes network forwarding setup.[0m.
[.[0;32m  OK  .[0m] Reached target .[0;1;39mNetwork.[0m.
         Starting .[0;1;39mQubes misc post-boot actions.[0m...
         Starting .[0;1;39mPermit User Sessions.[0m...
[.[0;32m  OK  .[0m] Finished .[0;1;39mPermit User Sessions.[0m.
[.[0;32m  OK  .[0m] Started .[0;1;39mGetty on tty1.[0m.
[.[0;32m  OK  .[0m] Started .[0;1;39mSerial Getty on hvc0.[0m.
[.[0;32m  OK  .[0m] Reached target .[0;1;39mLogin Prompts.[0m.
[.[0;32m  OK  .[0m] Finished .[0;1;39mQubes misc post-boot actions.[0m.
[.[0;32m  OK  .[0m] Reached target .[0;1;39mMulti-User System.[0m.
         Starting .[0;1;39mUpdate UTMP about System Runlevel Changes.[0m...
[.[0;32m  OK  .[0m] Finished .[0;1;39mUpdate UTMP about System Runlevel Changes.[0m.
[    6.916291] fbcon: Taking over console
[    7.654722] fuse: init (API version 7.31)
[    7.654765] *** VALIDATE fuse ***
[    7.654778] *** VALIDATE fuse ***

Fedora 32 (Thirty Two)
Kernel 5.4.98-1.fc25.qubes.x86_64 on an x86_64 (hvc0)

sys-vpn login: [   11.086994] kauditd_printk_skb: 28 callbacks suppressed
[   11.086995] audit: type=1130 audit(1619670440.772:65): pid=1 uid=0 auid=4294967295 ses=4294967295 msg='unit=qubes-sync-time comm="systemd" exe="/usr/lib/systemd/systemd" hostname=? addr=? terminal=? res=success'
[   11.383000] audit: type=1131 audit(1619670440.011:66): pid=1 uid=0 auid=4294967295 ses=4294967295 msg='unit=qubes-sync-time comm="systemd" exe="/usr/lib/systemd/systemd" hostname=? addr=? terminal=? res=success'
[   16.216741] audit: type=1131 audit(1619670444.845:67): pid=1 uid=0 auid=4294967295 ses=4294967295 msg='unit=NetworkManager-dispatcher comm="systemd" exe="/usr/lib/systemd/systemd" hostname=? addr=? terminal=? res=success'
[   35.649482] audit: type=1131 audit(1619670464.277:68): pid=1 uid=0 auid=4294967295 ses=4294967295 msg='unit=systemd-hostnamed comm="systemd" exe="/usr/lib/systemd/systemd" hostname=? addr=? terminal=? res=success'
[    0.000000] Linux version 5.4.98-1.fc25.qubes.x86_64 (user@build-fedora4) (gcc version 6.4.1 20170727 (Red Hat 6.4.1-1) (GCC)) #1 SMP Wed Feb 17 01:49:26 UTC 2021
[    0.000000] Command line: root=/dev/mapper/dmroot ro nomodeset console=hvc0 rd_NO_PLYMOUTH rd.plymouth.enable=0 plymouth.enable=0 xen_scrub_pages=0 nopat
[    0.000000] x86/fpu: Supporting XSAVE feature 0x001: 'x87 floating point registers'
[    0.000000] x86/fpu: Supporting XSAVE feature 0x002: 'SSE registers'
[    0.000000] x86/fpu: Supporting XSAVE feature 0x004: 'AVX registers'
[    0.000000] x86/fpu: Supporting XSAVE feature 0x008: 'MPX bounds registers'
[    0.000000] x86/fpu: Supporting XSAVE feature 0x010: 'MPX CSR'
[    0.000000] x86/fpu: xstate_offset[2]:  576, xstate_sizes[2]:  256
[    0.000000] x86/fpu: xstate_offset[3]:  832, xstate_sizes[3]:   64
[    0.000000] x86/fpu: xstate_offset[4]:  896, xstate_sizes[4]:   64
[    0.000000] x86/fpu: Enabled xstate features 0x1f, context size is 960 bytes, using 'compacted' format.
[    0.000000] BIOS-provided physical RAM map:
[    0.000000] BIOS-e820: [mem 0x0000000000000000-0x000000000009ffff] usable
[    0.000000] BIOS-e820: [mem 0x00000000000a0000-0x00000000000fefff] reserved
[    0.000000] BIOS-e820: [mem 0x00000000000ff000-0x00000000000fffff] ACPI data
[    0.000000] BIOS-e820: [mem 0x0000000000100000-0x00000000fa0003ff] usable
[    0.000000] BIOS-e820: [mem 0x00000000fc000000-0x00000000fc007fff] ACPI data
[    0.000000] x86/PAT: PAT support disabled.
[    0.000000] NX (Execute Disable) protection: active
[    0.000000] DMI not present or invalid.
[    0.000000] Hypervisor detected: Xen HVM
[    0.000000] Xen version 4.8.
[    0.138417] tsc: Fast TSC calibration failed
[    0.138420] tsc: Detected 2808.102 MHz processor
[    0.142530] last_pfn = 0xfa000 max_arch_pfn = 0x400000000
[    0.142592] Disabled
[    0.142612] CPU MTRRs all blank - virtualized system.
[    0.142615] x86/PAT: Configuration [0-7]: WB  WT  UC- UC  WB  WT  UC- UC  
[    0.156727] Using GB pages for direct mapping
[    0.156965] RAMDISK: [mem 0x03a01000-0x049bbfff]
[    0.157017] ACPI: Early table checksum verification disabled
[    0.157029] ACPI: RSDP 0x00000000000FFFC0 000024 (v02 Xen   )
[    0.157032] ACPI: XSDT 0x00000000FC007F70 000034 (v01 Xen    HVM      00000000 HVML 00000000)
[    0.157037] ACPI: FACP 0x00000000FC007D70 00010C (v05 Xen    HVM      00000000 HVML 00000000)
[    0.157042] ACPI: DSDT 0x00000000FC001050 006C9B (v05 Xen    HVM      00000000 INTL 20160831)
[    0.157044] ACPI: FACS 0x00000000FC001010 000040
[    0.157047] ACPI: FACS 0x00000000FC001010 000040
[    0.157049] ACPI: APIC 0x00000000FC007E80 00003C (v02 Xen    HVM      00000000 HVML 00000000)
[    0.157890] No NUMA configuration found
[    0.157891] Faking a node at [mem 0x0000000000000000-0x00000000f9ffffff]
[    0.157903] NODE_DATA(0) allocated [mem 0xf9fd5000-0xf9ffffff]
[    0.167591] Zone ranges:
[    0.167593]   DMA      [mem 0x0000000000001000-0x0000000000ffffff]
[    0.167594]   DMA32    [mem 0x0000000001000000-0x00000000f9ffffff]
[    0.167595]   Normal   empty
[    0.167596]   Device   empty
[    0.167596] Movable zone start for each node
[    0.167599] Early memory node ranges
[    0.167599]   node   0: [mem 0x0000000000001000-0x000000000009ffff]
[    0.167603]   node   0: [mem 0x0000000000100000-0x00000000f9ffffff]
[    0.167752] Zeroed struct page in unavailable ranges: 24673 pages
[    0.167756] Initmem setup node 0 [mem 0x0000000000001000-0x00000000f9ffffff]
[    0.180469] ACPI: No IOAPIC entries present
[    0.180470] Using ACPI for processor (LAPIC) configuration information
[    0.180472] TSC deadline timer available
[    0.180485] smpboot: Allowing 2 CPUs, 0 hotplug CPUs
[    0.180497] [mem 0xfc008000-0xffffffff] available for PCI devices
[    0.180500] Booting paravirtualized kernel on Xen PVH
[    0.180503] clocksource: refined-jiffies: mask: 0xffffffff max_cycles: 0xffffffff, max_idle_ns: 1910969940391419 ns
[    0.261384] setup_percpu: NR_CPUS:8192 nr_cpumask_bits:2 nr_cpu_ids:2 nr_node_ids:1
[    0.262463] percpu: Embedded 52 pages/cpu s176128 r8192 d28672 u1048576
[    0.262498] PV qspinlock hash table entries: 256 (order: 0, 4096 bytes, linear)
[    0.262520] Built 1 zonelists, mobility grouping on.  Total pages: 1007881
[    0.262521] Policy zone: DMA32
[    0.262522] Kernel command line: root=/dev/mapper/dmroot ro nomodeset console=hvc0 rd_NO_PLYMOUTH rd.plymouth.enable=0 plymouth.enable=0 xen_scrub_pages=0 nopat
[    0.262550] You have booted with nomodeset. This means your GPU drivers are DISABLED
[    0.262551] Any video related functionality will be severely degraded, and you may not even be able to suspend the system properly
[    0.262551] Unless you actually understand what nomodeset does, you should reboot without enabling it
[    0.262773] Dentry cache hash table entries: 524288 (order: 10, 4194304 bytes, linear)
[    0.262851] Inode-cache hash table entries: 262144 (order: 9, 2097152 bytes, linear)
[    0.262919] mem auto-init: stack:byref_all, heap alloc:off, heap free:off
[    0.269803] Memory: 3970180K/4095612K available (14339K kernel code, 2232K rwdata, 4504K rodata, 3016K init, 5056K bss, 125432K reserved, 0K cma-reserved)
[    0.269815] random: get_random_u64 called from __kmem_cache_create+0x3f/0x560 with crng_init=0
[    0.269926] SLUB: HWalign=64, Order=0-3, MinObjects=0, CPUs=2, Nodes=1
[    0.269942] Kernel/User page tables isolation: enabled
[    0.269960] ftrace: allocating 40876 entries in 160 pages
[    0.280639] rcu: Hierarchical RCU implementation.
[    0.280643] rcu: 	RCU restricting CPUs from NR_CPUS=8192 to nr_cpu_ids=2.
[    0.280644] 	Tasks RCU enabled.
[    0.280645] rcu: RCU calculated value of scheduler-enlistment delay is 100 jiffies.
[    0.280645] rcu: Adjusting geometry for rcu_fanout_leaf=16, nr_cpu_ids=2
[    0.282816] Using NULL legacy PIC
[    0.282817] NR_IRQS: 524544, nr_irqs: 48, preallocated irqs: 0
[    0.282833] xen:events: Using FIFO-based ABI
[    0.282841] xen:events: Xen HVM callback vector for event delivery is enabled
[    0.284084] random: crng done (trusting CPU's manufacturer)
[    0.284126] Console: colour dummy device 80x25
[    0.485566] printk: console [hvc0] enabled
[    0.486039] ACPI: Core revision 20190816
[    0.486149] ACPI: setting ELCR to 0200 (from ffff)
[    0.486257] Failed to register legacy timer interrupt
[    0.486290] APIC: Switch to symmetric I/O mode setup
[    0.486303] x2apic: IRQ remapping doesn't support X2APIC mode
[    0.486505] clocksource: tsc-early: mask: 0xffffffffffffffff max_cycles: 0x287a2655edf, max_idle_ns: 440795239467 ns
[    0.486567] Calibrating delay loop (skipped), value calculated using timer frequency.. 5616.20 BogoMIPS (lpj=2808102)
[    0.486589] pid_max: default: 32768 minimum: 301
[    0.486677] LSM: Security Framework initializing
[    0.486693] Yama: becoming mindful.
[    0.487457] Mount-cache hash table entries: 8192 (order: 4, 65536 bytes, linear)
[    0.487541] Mountpoint-cache hash table entries: 8192 (order: 4, 65536 bytes, linear)
[    0.487564] *** VALIDATE tmpfs ***
[    0.487564] *** VALIDATE proc ***
[    0.487564] *** VALIDATE cgroup1 ***
[    0.487564] *** VALIDATE cgroup2 ***
[    0.487564] Last level iTLB entries: 4KB 64, 2MB 8, 4MB 8
[    0.487564] Last level dTLB entries: 4KB 64, 2MB 0, 4MB 0, 1GB 4
[    0.487564] Spectre V1 : Mitigation: usercopy/swapgs barriers and __user pointer sanitization
[    0.487564] Spectre V2 : Mitigation: Full generic retpoline
[    0.487564] Spectre V2 : Spectre v2 / SpectreRSB mitigation: Filling RSB on context switch
[    0.487564] Spectre V2 : Enabling Restricted Speculation for firmware calls
[    0.487564] Spectre V2 : mitigation: Enabling conditional Indirect Branch Prediction Barrier
[    0.487564] Spectre V2 : User space: Mitigation: STIBP via seccomp and prctl
[    0.487564] Speculative Store Bypass: Mitigation: Speculative Store Bypass disabled via prctl and seccomp
[    0.487564] SRBDS: Unknown: Dependent on hypervisor status
[    0.487564] MDS: Mitigation: Clear CPU buffers
[    0.487564] Freeing SMP alternatives memory: 32K
[    0.487564] clocksource: xen: mask: 0xffffffffffffffff max_cycles: 0x1cd42e4dffb, max_idle_ns: 881590591483 ns
[    0.487564] installing Xen timer for CPU 0
[    0.487564] smpboot: CPU0: Intel(R) Core(TM) i7-7700HQ CPU @ 2.80GHz (family: 0x6, model: 0x9e, stepping: 0x9)
[    0.487564] cpu 0 spinlock event irq 5
[    0.488473] Performance Events: unsupported p6 CPU model 158 no PMU driver, software events only.
[    0.488564] rcu: Hierarchical SRCU implementation.
[    0.489080] NMI watchdog: Perf NMI watchdog permanently disabled
[    0.489172] smp: Bringing up secondary CPUs ...
[    0.489274] installing Xen timer for CPU 1
[    0.489327] x86: Booting SMP configuration:
[    0.489336] .... node  #0, CPUs:      #1
[    0.490004] cpu 1 spinlock event irq 11
[    0.490004] smp: Brought up 1 node, 2 CPUs
[    0.490004] smpboot: Max logical packages: 1
[    0.490004] smpboot: Total of 2 processors activated (11232.40 BogoMIPS)
[    0.490004] devtmpfs: initialized
[    0.490004] x86/mm: Memory block size: 128MB
[    0.490846] clocksource: jiffies: mask: 0xffffffff max_cycles: 0xffffffff, max_idle_ns: 1911260446275000 ns
[    0.490846] futex hash table entries: 512 (order: 3, 32768 bytes, linear)
[    0.491576] pinctrl core: initialized pinctrl subsystem
[    0.511867] PM: RTC time: 165:165:165, date: 2065-165-165
[    0.512093] NET: Registered protocol family 16
[    0.512119] xen:grant_table: Grant tables using version 1 layout
[    0.512149] Grant table initialized
[    0.512228] audit: initializing netlink subsys (disabled)
[    0.512277] audit: type=2000 audit(1619670624.699:1): state=initialized audit_enabled=0 res=1
[    0.512277] cpuidle: using governor menu
[    0.512277] ACPI: bus type PCI registered
[    0.512637] PCI: Fatal: No config space access function found
[    0.514025] HugeTLB registered 1.00 GiB page size, pre-allocated 0 pages
[    0.514025] HugeTLB registered 2.00 MiB page size, pre-allocated 0 pages
[    0.616728] cryptd: max_cpu_qlen set to 1000
[    0.621747] alg: No test for 842 (842-generic)
[    0.621762] alg: No test for 842 (842-scomp)
[    0.625694] ACPI: Added _OSI(Module Device)
[    0.625694] ACPI: Added _OSI(Processor Device)
[    0.625694] ACPI: Added _OSI(3.0 _SCP Extensions)
[    0.625694] ACPI: Added _OSI(Processor Aggregator Device)
[    0.625694] ACPI: Added _OSI(Linux-Dell-Video)
[    0.625694] ACPI: Added _OSI(Linux-Lenovo-NV-HDMI-Audio)
[    0.625699] ACPI: Added _OSI(Linux-HPI-Hybrid-Graphics)
[    0.629176] ACPI: 1 ACPI AML tables successfully acquired and loaded
[    0.629470] ACPI: SCI (ACPI GSI 9) not registered
[    0.632570] ACPI: Interpreter enabled
[    0.632570] ACPI: (supports S0)
[    0.632570] ACPI: Using platform specific model for interrupt routing
[    0.632629] PCI: Using host bridge windows from ACPI; if necessary, use "pci=nocrs" and report a bug
[    0.632839] ACPI: Enabled 1 GPEs in block 00 to 0F
[    0.632863] ACPI Error: No handler or method for GPE 00, disabling event (20190816/evgpe-841)
[    0.632911] ACPI Error: No handler or method for GPE 01, disabling event (20190816/evgpe-841)
[    0.633570] ACPI Error: No handler or method for GPE 03, disabling event (20190816/evgpe-841)
[    0.633570] ACPI Error: No handler or method for GPE 04, disabling event (20190816/evgpe-841)
[    0.633570] ACPI Error: No handler or method for GPE 05, disabling event (20190816/evgpe-841)
[    0.633570] ACPI Error: No handler or method for GPE 06, disabling event (20190816/evgpe-841)
[    0.633570] ACPI Error: No handler or method for GPE 07, disabling event (20190816/evgpe-841)
[    0.639028] xen:balloon: Initialising balloon driver
[    0.639574] iommu: Default domain type: Translated 
[    0.639628] vgaarb: loaded
[    0.639750] SCSI subsystem initialized
[    0.639782] ACPI: bus type USB registered
[    0.639782] usbcore: registered new interface driver usbfs
[    0.639782] usbcore: registered new interface driver hub
[    0.639782] usbcore: registered new device driver usb
[    0.639782] pps_core: LinuxPPS API ver. 1 registered
[    0.639782] pps_core: Software ver. 5.3.6 - Copyright 2005-2007 Rodolfo Giometti <giometti@linux.it>
[    0.639782] PTP clock support registered
[    0.639782] EDAC MC: Ver: 3.0.0
[    0.639782] PCI: Using ACPI for IRQ routing
[    0.639782] PCI: System does not support PCI
[    0.639782] NetLabel: Initializing
[    0.639782] NetLabel:  domain hash size = 128
[    0.639782] NetLabel:  protocols = UNLABELED CIPSOv4 CALIPSO
[    0.639782] NetLabel:  unlabeled traffic allowed by default
[    0.640707] clocksource: Switched to clocksource xen
[    0.663684] *** VALIDATE bpf ***
[    0.663804] VFS: Disk quotas dquot_6.6.0
[    0.663822] VFS: Dquot-cache hash table entries: 512 (order 0, 4096 bytes)
[    0.663855] *** VALIDATE ramfs ***
[    0.663865] *** VALIDATE hugetlbfs ***
[    0.663920] pnp: PnP ACPI init
[    0.663958] pnp: PnP ACPI: found 0 devices
[    0.664829] thermal_sys: Registered thermal governor 'fair_share'
[    0.664829] thermal_sys: Registered thermal governor 'bang_bang'
[    0.664844] thermal_sys: Registered thermal governor 'step_wise'
[    0.664858] thermal_sys: Registered thermal governor 'user_space'
[    0.664933] NET: Registered protocol family 2
[    0.665185] tcp_listen_portaddr_hash hash table entries: 2048 (order: 3, 32768 bytes, linear)
[    0.665277] TCP established hash table entries: 32768 (order: 6, 262144 bytes, linear)
[    0.665712] TCP bind hash table entries: 32768 (order: 7, 524288 bytes, linear)
[    0.666349] TCP: Hash tables configured (established 32768 bind 32768)
[    0.666563] UDP hash table entries: 2048 (order: 4, 65536 bytes, linear)
[    0.666683] UDP-Lite hash table entries: 2048 (order: 4, 65536 bytes, linear)
[    0.666835] NET: Registered protocol family 1
[    0.666851] NET: Registered protocol family 44
[    0.666864] PCI: CLS 0 bytes, default 64
[    0.666898] Trying to unpack rootfs image as initramfs...
[    0.822941] Freeing initrd memory: 16108K
[    0.824062] Initialise system trusted keyrings
[    0.824110] Key type blacklist registered
[    0.824295] workingset: timestamp_bits=36 max_order=20 bucket_order=0
[    0.825400] zbud: loaded
[    0.825828] Platform Keyring initialized
[    0.828434] NET: Registered protocol family 38
[    0.828451] Key type asymmetric registered
[    0.828460] Asymmetric key parser 'x509' registered
[    0.828520] Block layer SCSI generic (bsg) driver version 0.4 loaded (major 245)
[    0.828781] io scheduler mq-deadline registered
[    0.828817] io scheduler kyber registered
[    0.828869] io scheduler bfq registered
[    0.828959] atomic64_test: passed for x86-64 platform with CX8 and with SSE
[    0.841684] Serial: 8250/16550 driver, 32 ports, IRQ sharing enabled
[    0.842914] Non-volatile memory driver v1.3
[    0.842990] Linux agpgart interface v0.103
[    0.843442] libphy: Fixed MDIO Bus: probed
[    0.843600] usbcore: registered new interface driver usbserial_generic
[    0.843736] usbserial: USB Serial support registered for generic
[    0.843861] i8042: PNP: No PS/2 controller found.
[    0.843961] mousedev: PS/2 mouse device common for all mice
[    0.844098] device-mapper: uevent: version 1.0.3
[    0.844210] device-mapper: ioctl: 4.41.0-ioctl (2019-09-16) initialised: dm-devel@redhat.com
[    0.846629] intel_pstate: CPU model not supported
[    0.846997] hidraw: raw HID events driver (C) Jiri Kosina
[    0.847353] usbcore: registered new interface driver usbhid
[    0.847645] usbhid: USB HID core driver
[    0.848134] intel_pmc_core intel_pmc_core.0:  initialized
[    0.848563] drop_monitor: Initializing network drop monitor service
[    0.848817] Initializing XFRM netlink socket
[    0.849239] NET: Registered protocol family 10
[    0.854319] Segment Routing with IPv6
[    0.854478] mip6: Mobile IPv6
[    0.854579] NET: Registered protocol family 17
[    0.857390] RAS: Correctable Errors collector initialized.
[    0.857587] IPI shorthand broadcast: enabled
[    0.857767] AVX2 version of gcm_enc/dec engaged.
[    0.857934] AES CTR mode by8 optimization enabled
[    0.868595] sched_clock: Marking stable (665906988, 202664174)->(938276586, -69705424)
[    0.869208] registered taskstats version 1
[    0.869368] Loading compiled-in X.509 certificates
[    0.896107] Loaded X.509 cert 'Build time autogenerated kernel key: faf898d6412c6b3aa1995fc5928d8cfaf261d7c7'
[    0.896149] zswap: loaded using pool lzo/zbud
[    0.896245] Key type ._fscrypt registered
[    0.896257] Key type .fscrypt registered
[    0.899163] Key type big_key registered
[    0.900651] Key type encrypted registered
[    0.900823] ima: No TPM chip found, activating TPM-bypass!
[    0.901066] ima: Allocated hash algorithm: sha256
[    0.901320] ima: No architecture policies found
[    0.901860] xenbus_probe_frontend: Device with no driver: device/vbd/51712
[    0.902216] xenbus_probe_frontend: Device with no driver: device/vbd/51728
[    0.902594] xenbus_probe_frontend: Device with no driver: device/vbd/51744
[    1.016060] xenbus_probe_frontend: Device with no driver: device/vbd/51760
[    1.016092] xenbus_probe_frontend: Device with no driver: device/vif/0
[    1.016128] PM:   Magic number: 1:252:3141
[    1.016177] hctosys: unable to open rtc device (rtc0)
[    1.017533] Freeing unused decrypted memory: 2040K
[    1.022328] Freeing unused kernel image memory: 3016K
[    1.027605] Write protecting the kernel read-only data: 22528k
[    1.029375] Freeing unused kernel image memory: 2036K
[    1.030867] Freeing unused kernel image memory: 1640K
[    1.030907] rodata_test: all tests were successful
[    1.030924] Run /init as init process
Qubes initramfs script here:
[    1.039804] Invalid max_queues (4), will use default max: 2.
[    1.199258] blkfront: xvda: flush diskcache: enabled; persistent grants: enabled; indirect descriptors: enabled;
[    1.215430]  xvda: xvda1 xvda2 xvda3
[    1.235921] blkfront: xvdb: flush diskcache: enabled; persistent grants: enabled; indirect descriptors: enabled;
[    1.262571] blkfront: xvdc: flush diskcache: enabled; persistent grants: enabled; indirect descriptors: enabled;
[    1.268003] blkfront: xvdd: flush diskcache: enabled; persistent grants: enabled; indirect descriptors: enabled;
Waiting for /dev/xvda* devices...
Qubes: Doing R/W setup for TemplateVM...
[    1.396281]  xvdc: xvdc1 xvdc3
Setting up swapspace version 1, size = 1024 MiB (1073737728 bytes)
no label, UUID=e5617591-deeb-4c4f-a509-9081f84f2cc8
Qubes: done.
[    1.431862] EXT4-fs (xvda3): mounted filesystem with ordered data mode. Opts: (null)
Waiting for /dev/xvdd device...
mount: /dev/xvdd is write-protected, mounting read-only
[    1.439456] EXT4-fs (xvdd): mounting ext3 file system using the ext4 subsystem
[    1.443192] EXT4-fs (xvdd): mounted filesystem with ordered data mode. Opts: (null)
[    1.497973] EXT4-fs (xvda3): re-mounted. Opts: (null)
switch_root: failed to mount moving /dev to /sysroot/dev: Invalid argument
switch_root: forcing unmount of /dev
switch_root: failed to mount moving /proc to /sysroot/proc: Invalid argument
switch_root: forcing unmount of /proc
switch_root: failed to mount moving /sys to /sysroot/sys: Invalid argument
switch_root: forcing unmount of /sys
switch_root: failed to mount moving /run to /sysroot/run: Invalid argument
switch_root: forcing unmount of /run
[    1.631594] systemd[1]: systemd v245.8-2.fc32 running in system mode. (+PAM +AUDIT +SELINUX +IMA -APPARMOR +SMACK +SYSVINIT +UTMP +LIBCRYPTSETUP +GCRYPT +GNUTLS +ACL +XZ +LZ4 +SECCOMP +BLKID +ELFUTILS +KMOD +IDN2 -IDN +PCRE2 default-hierarchy=unified)
[    1.631813] systemd[1]: Detected virtualization xen.
[    1.631846] systemd[1]: Detected architecture x86-64.

Welcome to .[0;34mFedora 32 (Thirty Two).[0m!

[    1.633194] systemd[1]: No hostname configured.
[    1.633238] systemd[1]: Set hostname to <localhost>.
[    1.862582] clocksource: tsc: mask: 0xffffffffffffffff max_cycles: 0x287a2655edf, max_idle_ns: 440795239467 ns
[    1.870226] systemd[1]: /usr/lib/systemd/system/qubes-meminfo-writer.service:8: PIDFile= references a path below legacy directory /var/run/, updating /var/run/meminfo-writer.pid → /run/meminfo-writer.pid; please update the unit file accordingly.
[    1.902930] systemd[1]: Created slice system-getty.slice.
[.[0;32m  OK  .[0m] Created slice .[0;1;39msystem-getty.slice.[0m.
[    1.903451] systemd[1]: Created slice system-modprobe.slice.
[.[0;32m  OK  .[0m] Created slice .[0;1;39msystem-modprobe.slice.[0m.
[    1.904143] systemd[1]: Created slice system-serial\x2dgetty.slice.
[.[0;32m  OK  .[0m] Created slice .[0;1;39msystem-serial\x2dgetty.slice.[0m.
[    1.905325] systemd[1]: Created slice User and Session Slice.
[.[0;32m  OK  .[0m] Created slice .[0;1;39mUser and Session Slice.[0m.
[    1.907302] systemd[1]: Started Dispatch Password Requests to Console Directory Watch.
[.[0;32m  OK  .[0m] Started .[0;1;39mDispatch Password …ts to Console Directory Watch.[0m.
[    1.907446] systemd[1]: Started Forward Password Requests to Wall Directory Watch.
[.[0;32m  OK  .[0m] Started .[0;1;39mForward Password R…uests to Wall Directory Watch.[0m.
[    1.907827] systemd[1]: Set up automount Arbitrary Executable File Formats File System Automount Point.
[.[0;32m  OK  .[0m] Set up automount .[0;1;39mArbitrary…s File System Automount Point.[0m.
[    1.907965] systemd[1]: Reached target Local Encrypted Volumes.
[.[0;32m  OK  .[0m] Reached target .[0;1;39mLocal Encrypted Volumes.[0m.
[    1.908148] systemd[1]: Reached target Remote File Systems.
[.[0;32m  OK  .[0m] Reached target .[0;1;39mRemote File Systems.[0m.
[    1.908235] systemd[1]: Reached target Slices.
[.[0;32m  OK  .[0m] Reached target .[0;1;39mSlices.[0m.
[    1.909890] systemd[1]: Listening on Process Core Dump Socket.
[.[0;32m  OK  .[0m] Listening on .[0;1;39mProcess Core Dump Socket.[0m.
[    1.910656] systemd[1]: Listening on initctl Compatibility Named Pipe.
[.[0;32m  OK  .[0m] Listening on .[0;1;39minitctl Compatibility Named Pipe.[0m.
[    1.912420] systemd[1]: Listening on Journal Audit Socket.
[.[0;32m  OK  .[0m] Listening on .[0;1;39mJournal Audit Socket.[0m.
[    1.913410] systemd[1]: Listening on Journal Socket (/dev/log).
[.[0;32m  OK  .[0m] Listening on .[0;1;39mJournal Socket (/dev/log).[0m.
[    1.914343] systemd[1]: Listening on Journal Socket.
[.[0;32m  OK  .[0m] Listening on .[0;1;39mJournal Socket.[0m.
[    1.915178] systemd[1]: Listening on udev Control Socket.
[.[0;32m  OK  .[0m] Listening on .[0;1;39mudev Control Socket.[0m.
[    1.916031] systemd[1]: Listening on udev Kernel Socket.
[.[0;32m  OK  .[0m] Listening on .[0;1;39mudev Kernel Socket.[0m.
[    1.916790] systemd[1]: Listening on User Database Manager Socket.
[.[0;32m  OK  .[0m] Listening on .[0;1;39mUser Database Manager Socket.[0m.
[    2.065878] systemd[1]: Mounting Huge Pages File System...
         Mounting .[0;1;39mHuge Pages File System.[0m...
[    2.068743] systemd[1]: Mounting POSIX Message Queue File System...
         Mounting .[0;1;39mPOSIX Message Queue File System.[0m...
[    2.070941] systemd[1]: Mounting /proc/xen...
         Mounting .[0;1;39m/proc/xen.[0m...
[    2.076267] systemd[1]: Mounting Kernel Debug File System...
         Mounting .[0;1;39mKernel Debug File System.[0m...
[    2.079557] systemd[1]: Mounting Kernel Trace File System...
         Mounting .[0;1;39mKernel Trace File System.[0m...
[    2.087776] systemd[1]: Starting Create list of static device nodes for the current kernel...
         Starting .[0;1;39mCreate list of st…odes for the current kernel.[0m...
[    2.091818] systemd[1]: Starting Load Kernel Module drm...
         Starting .[0;1;39mLoad Kernel Module drm.[0m...
[    2.095398] systemd[1]: Condition check resulted in Set Up Additional Binary Formats being skipped.
[    2.109295] systemd[1]: Starting File System Check on Root Device...
         Starting .[0;1;39mFile System Check on Root Device.[0m...
[    2.115595] systemd[1]: Starting Load Kernel Modules...
         Starting .[0;1;39mLoad Kernel Modules.[0m...
[    2.121634] systemd[1]: Starting Repartition Root Disk...
         Starting .[0;1;39mRepartition Root Disk.[0m...
[    2.136185] systemd[1]: Starting udev Coldplug all Devices...
         Starting .[0;1;39mudev Coldplug all Devices.[0m...
[    2.136891] xen:xen_evtchn: Event-channel device installed
[    2.138142] systemd[1]: Mounted Huge Pages File System.
[.[0;32m  OK  .[0m] Mounted .[0;1;39mHuge Pages File System.[0m.
[    2.138882] systemd[1]: Mounted POSIX Message Queue File System.
[.[0;32m  OK  .[0m] Mounted .[0;1;39mPOSIX Message Queue File System.[0m.
[    2.139440] systemd[1]: Mounted /proc/xen.
[.[0;32m  OK  .[0m] Mounted .[0;1;39m/proc/xen.[0m.
[    2.140092] systemd[1]: Mounted Kernel Debug File System.
[.[0;32m  OK  .[0m] Mounted .[0;1;39mKernel Debug File System.[0m.
[    2.146374] systemd[1]: Mounted Kernel Trace File System.
[.[0;32m  OK  .[0m] Mounted .[0;1;39mKernel Trace File System.[0m.
[    2.149737] systemd[1]: Finished Create list of static device nodes for the current kernel.
[.[0;32m  OK  .[0m] Finished .[0;1;39mCreate list of st… nodes for the current kernel.[0m.
[    2.153549] systemd[1]: Finished Repartition Root Disk.
[.[0;32m  OK  .[0m] Finished .[0;1;39mRepartition Root Disk.[0m.
[    2.154953] systemd[1]: modprobe@drm.service: Succeeded.
[    2.155278] systemd[1]: Finished Load Kernel Module drm.
[.[0;32m  OK  .[0m] Finished .[0;1;39mLoad Kernel Module drm.[0m.
[    2.281178] systemd[1]: Finished File System Check on Root Device.
[.[0;32m  OK  .[0m] Finished .[0;1;39mFile System Check on Root Device.[0m.
[    2.283513] systemd[1]: Starting Remount Root and Kernel File Systems...
         Starting .[0;1;39mRemount Root and Kernel File Systems.[0m...
[    2.336593] EXT4-fs (xvda3): re-mounted. Opts: discard
[    2.338516] systemd[1]: Finished Remount Root and Kernel File Systems.
[.[0;32m  OK  .[0m] Finished .[0;1;39mRemount Root and Kernel File Systems.[0m.
[    2.339028] systemd[1]: Condition check resulted in OSTree Remount OS/ Bind Mounts being skipped.
[    2.339155] systemd[1]: Condition check resulted in First Boot Wizard being skipped.
[    2.340639] systemd[1]: Condition check resulted in Rebuild Hardware Database being skipped.
[    2.340729] systemd[1]: Condition check resulted in Create System Users being skipped.
[    2.341885] systemd[1]: Starting Create Static Device Nodes in /dev...
         Starting .[0;1;39mCreate Static Device Nodes in /dev.[0m...
[    2.366504] u2mfn: loading out-of-tree module taints kernel.
[    2.368257] systemd[1]: Finished Load Kernel Modules.
[.[0;32m  OK  .[0m] Finished .[0;1;39mLoad Kernel Modules.[0m.
[    2.368502] systemd[1]: Condition check resulted in FUSE Control File System being skipped.
[    2.369886] systemd[1]: Mounting Kernel Configuration File System...
         Mounting .[0;1;39mKernel Configuration File System.[0m...
[    2.372638] systemd[1]: Starting Qubes DB agent...
         Starting .[0;1;39mQubes DB agent.[0m...
[    2.378911] systemd[1]: Starting Apply Kernel Variables...
         Starting .[0;1;39mApply Kernel Variables.[0m...
[    2.393272] systemd[1]: Finished Create Static Device Nodes in /dev.
[.[0;32m  OK  .[0m] Finished .[0;1;39mCreate Static Device Nodes in /dev.[0m.
[    2.393679] systemd[1]: Mounted Kernel Configuration File System.
[.[0;32m  OK  .[0m] Mounted .[0;1;39mKernel Configuration File System.[0m.
[    2.394336] systemd[1]: Reached target Local File Systems (Pre).
[.[0;32m  OK  .[0m] Reached target .[0;1;39mLocal File Systems (Pre).[0m.
[    2.400420] systemd[1]: Started Entropy Daemon based on the HAVEGE algorithm.
[.[0;32m  OK  .[0m] Started .[0;1;39mEntropy Daemon based on the HAVEGE algorithm.[0m.
[    2.412468] systemd[1]: Starting Journal Service...
         Starting .[0;1;39mJournal Service.[0m...
[    2.422353] systemd[1]: Starting udev Kernel Device Manager...
         Starting .[0;1;39mudev Kernel Device Manager.[0m...
[    2.431743] systemd[1]: Finished Apply Kernel Variables.
[.[0;32m  OK  .[0m] Finished .[0;1;39mApply Kernel Variables.[0m.
[    2.432046] systemd[1]: Started Qubes DB agent.
[.[0;32m  OK  .[0m] Started .[0;1;39mQubes DB agent.[0m.
[    2.433700] systemd[1]: Starting Init Qubes Services settings...
         Starting .[0;1;39mInit Qubes Services settings.[0m...
[    2.436182] systemd[1]: Starting Load/Save Random Seed...
         Starting .[0;1;39mLoad/Save Random Seed.[0m...
[    2.499326] systemd[1]: Finished udev Coldplug all Devices.
[.[0;32m  OK  .[0m] Finished .[0;1;39mudev Coldplug all Devices.[0m.
[    2.499510] audit: type=1130 audit(1619670626.686:2): pid=1 uid=0 auid=4294967295 ses=4294967295 msg='unit=systemd-udev-trigger comm="systemd" exe="/usr/lib/systemd/systemd" hostname=? addr=? terminal=? res=success'
[    2.512954] systemd[1]: Started Journal Service.
[.[0;32m  OK  .[0m] Started .[0;1;39mJournal Service.[0m.
         Starting .[0;1;39mFlush Journal to Persistent Storage.[0m...
[    2.515330] audit: type=1130 audit(1619670626.701:3): pid=1 uid=0 auid=4294967295 ses=4294967295 msg='unit=systemd-journald comm="systemd" exe="/usr/lib/systemd/systemd" hostname=? addr=? terminal=? res=success'
[.[0;32m  OK  .[0m] Finished .[0;1;39mLoad/Save Random Seed.[0m.
[    2.530004] audit: type=1130 audit(1619670626.717:4): pid=1 uid=0 auid=4294967295 ses=4294967295 msg='unit=systemd-random-seed comm="systemd" exe="/usr/lib/systemd/systemd" hostname=? addr=? terminal=? res=success'
[    2.531791] systemd-journald[239]: Received client request to flush runtime journal.
[.[0;32m  OK  .[0m] Finished .[0;1;39mInit Qubes Services settings.[0m.
         Starting .[0;1;39mInitialize and mount /rw and /home.[0m...
         Starting .[0;1;39mAdjust root filesystem size.[0m...
[    2.575582] audit: type=1130 audit(1619670626.761:5): pid=1 uid=0 auid=4294967295 ses=4294967295 msg='unit=qubes-sysinit comm="systemd" exe="/usr/lib/systemd/systemd" hostname=? addr=? terminal=? res=success'
[.[0;32m  OK  .[0m] Finished .[0;1;39mFlush Journal to Persistent Storage.[0m.
[    2.683558] audit: type=1130 audit(1619670626.870:6): pid=1 uid=0 auid=4294967295 ses=4294967295 msg='unit=systemd-journal-flush comm="systemd" exe="/usr/lib/systemd/systemd" hostname=? addr=? terminal=? res=success'
[.[0;32m  OK  .[0m] Started .[0;1;39mudev Kernel Device Manager.[0m.
[    2.709723] audit: type=1130 audit(1619670626.896:7): pid=1 uid=0 auid=4294967295 ses=4294967295 msg='unit=systemd-udevd comm="systemd" exe="/usr/lib/systemd/systemd" hostname=? addr=? terminal=? res=success'
[.[0;32m  OK  .[0m] Finished .[0;1;39mAdjust root filesystem size.[0m.
[    2.715752] audit: type=1130 audit(1619670626.903:8): pid=1 uid=0 auid=4294967295 ses=4294967295 msg='unit=qubes-rootfs-resize comm="systemd" exe="/usr/lib/systemd/systemd" hostname=? addr=? terminal=? res=success'
[    2.721740] EXT4-fs (xvdb): mounted filesystem with ordered data mode. Opts: discard
[.[0;32m  OK  .[0m] Finished .[0;1;39mInitialize and mount /rw and /home.[0m.
[    2.822106] audit: type=1130 audit(1619670627.009:9): pid=1 uid=0 auid=4294967295 ses=4294967295 msg='unit=qubes-mount-dirs comm="systemd" exe="/usr/lib/systemd/systemd" hostname=? addr=? terminal=? res=success'
[    3.036473] input: PC Speaker as /devices/platform/pcspkr/input/input0
[    3.151186] xen_netfront: Initialising Xen virtual ethernet driver
[.[0;32m  OK  .[0m] Found device .[0;1;39m/dev/hvc0.[0m.
[.[0;32m  OK  .[0m] Found device .[0;1;39m/dev/xvdc1.[0m.
         Activating swap .[0;1;39m/dev/xvdc1.[0m...
[    3.361581] Adding 1048572k swap on /dev/xvdc1.  Priority:-2 extents:1 across:1048572k SSFS
[.[0;32m  OK  .[0m] Activated swap .[0;1;39m/dev/xvdc1.[0m.
[.[0;32m  OK  .[0m] Reached target .[0;1;39mSwap.[0m.
         Mounting .[0;1;39mTemporary Directory (/tmp).[0m...
[.[0;32m  OK  .[0m] Mounted .[0;1;39mTemporary Directory (/tmp).[0m.
[.[0;32m  OK  .[0m] Reached target .[0;1;39mLocal File Systems.[0m.
         Starting .[0;1;39mRestore /run/initramfs on shutdown.[0m...
         Starting .[0;1;39mEarly Qubes VM settings.[0m...
         Starting .[0;1;39mCreate Volatile Files and Directories.[0m...
[.[0;32m  OK  .[0m] Finished .[0;1;39mRestore /run/initramfs on shutdown.[0m.
[    3.390910] audit: type=1130 audit(1619670627.578:10): pid=1 uid=0 auid=4294967295 ses=4294967295 msg='unit=dracut-shutdown comm="systemd" exe="/usr/lib/systemd/systemd" hostname=? addr=? terminal=? res=success'
[.[0;32m  OK  .[0m] Finished .[0;1;39mEarly Qubes VM settings.[0m.
[.[0;32m  OK  .[0m] Finished .[0;1;39mCreate Volatile Files and Directories.[0m.
[.[0;32m  OK  .[0m] Reached target .[0;1;39mSystem Time Set.[0m.
[.[0;32m  OK  .[0m] Reached target .[0;1;39mSystem Time Synchronized.[0m.
         Starting .[0;1;39mUpdate UTMP about System Boot/Shutdown.[0m...
[.[0;32m  OK  .[0m] Finished .[0;1;39mUpdate UTMP about System Boot/Shutdown.[0m.
[.[0;32m  OK  .[0m] Reached target .[0;1;39mSystem Initialization.[0m.
[.[0;32m  OK  .[0m] Started .[0;1;39mDiscard unused blocks once a week.[0m.
[.[0;32m  OK  .[0m] Started .[0;1;39mDaily rotation of log files.[0m.
[.[0;32m  OK  .[0m] Started .[0;1;39mUpdate system time each 6h.[0m.
[.[0;32m  OK  .[0m] Started .[0;1;39mPeriodically check for updates.[0m.
[.[0;32m  OK  .[0m] Started .[0;1;39mWeekly RAID setup health check.[0m.
[.[0;32m  OK  .[0m] Started .[0;1;39mDaily Cleanup of Temporary Directories.[0m.
[.[0;32m  OK  .[0m] Started .[0;1;39mdaily update of the root trust anchor for DNSSEC.[0m.
[.[0;32m  OK  .[0m] Reached target .[0;1;39mPaths.[0m.
[.[0;32m  OK  .[0m] Reached target .[0;1;39mTimers.[0m.
[.[0;32m  OK  .[0m] Listening on .[0;1;39mD-Bus System Message Bus Socket.[0m.
[.[0;32m  OK  .[0m] Reached target .[0;1;39mSockets.[0m.
[.[0;32m  OK  .[0m] Reached target .[0;1;39mBasic System.[0m.
         Starting .[0;1;39mModem Manager.[0m...
         Starting .[0;1;39mNetwork Manager.[0m...
         Starting .[0;1;39mQubes base firewall settings.[0m...
         Starting .[0;1;39mQubes memory information reporter.[0m...
         Starting .[0;1;39mHome Area Manager.[0m...
         Starting .[0;1;39mLogin Service.[0m...
         Starting .[0;1;39mXen driver domain device daemon.[0m...
[.[0;32m  OK  .[0m] Started .[0;1;39mQubes memory information reporter.[0m.
[.[0;32m  OK  .[0m] Started .[0;1;39mXen driver domain device daemon.[0m.
         Starting .[0;1;39mQubes GUI Agent.[0m...
         Starting .[0;1;39mQubes remote exec agent.[0m...
[.[0;32m  OK  .[0m] Started .[0;1;39mQubes remote exec agent.[0m.
         Starting .[0;1;39mD-Bus System Message Bus.[0m...
[.[0;32m  OK  .[0m] Started .[0;1;39mQubes GUI Agent.[0m.
         Starting .[0;1;39mUser Database Manager.[0m...
[.[0;32m  OK  .[0m] Finished .[0;1;39mQubes base firewall settings.[0m.
         Starting .[0;1;39mQubes firewall updater.[0m...
[.[0;32m  OK  .[0m] Started .[0;1;39mUser Database Manager.[0m.
[.[0;32m  OK  .[0m] Started .[0;1;39mD-Bus System Message Bus.[0m.
[.[0;32m  OK  .[0m] Started .[0;1;39mHome Area Manager.[0m.
[.[0;32m  OK  .[0m] Started .[0;1;39mLogin Service.[0m.
[.[0;32m  OK  .[0m] Started .[0;1;39mNetwork Manager.[0m.
[.[0;32m  OK  .[0m] Stopped .[0;1;39mEntropy Daemon based on the HAVEGE algorithm.[0m.
[.[0;32m  OK  .[0m] Started .[0;1;39mEntropy Daemon based on the HAVEGE algorithm.[0m.
[.[0;32m  OK  .[0m] Started .[0;1;39mModem Manager.[0m.
         Starting .[0;1;39mHostname Service.[0m...
[.[0;32m  OK  .[0m] Started .[0;1;39mHostname Service.[0m.
[.[0;32m  OK  .[0m] Listening on .[0;1;39mLoad/Save RF …itch Status /dev/rfkill Watch.[0m.
         Starting .[0;1;39mNetwork Manager Script Dispatcher Service.[0m...
[.[0;32m  OK  .[0m] Started .[0;1;39mNetwork Manager Script Dispatcher Service.[0m.
[.[0;32m  OK  .[0m] Started .[0;1;39mQubes firewall updater.[0m.
         Starting .[0;1;39mQubes network forwarding setup.[0m...
[.[0;32m  OK  .[0m] Finished .[0;1;39mQubes network forwarding setup.[0m.
[.[0;32m  OK  .[0m] Reached target .[0;1;39mNetwork.[0m.
         Starting .[0;1;39mQubes misc post-boot actions.[0m...
         Starting .[0;1;39mPermit User Sessions.[0m...
[.[0;32m  OK  .[0m] Finished .[0;1;39mPermit User Sessions.[0m.
[.[0;32m  OK  .[0m] Created slice .[0;1;39mUser Slice of UID 1000.[0m.
[.[0;32m  OK  .[0m] Started .[0;1;39mGetty on tty1.[0m.
[.[0;32m  OK  .[0m] Started .[0;1;39mSerial Getty on hvc0.[0m.
[.[0;32m  OK  .[0m] Reached target .[0;1;39mLogin Prompts.[0m.
         Starting .[0;1;39mUser Runtime Directory /run/user/1000.[0m...
[.[0;32m  OK  .[0m] Finished .[0;1;39mUser Runtime Directory /run/user/1000.[0m.
         Starting .[0;1;39mUser Manager for UID 1000.[0m...
[.[0;32m  OK  .[0m] Started .[0;1;39mUser Manager for UID 1000.[0m.
[.[0;32m  OK  .[0m] Started .[0;1;39mSession c1 of user user.[0m.
[.[0;32m  OK  .[0m] Started .[0;1;39mSession c2 of user user.[0m.
[.[0;32m  OK  .[0m] Finished .[0;1;39mQubes misc post-boot actions.[0m.
[.[0;32m  OK  .[0m] Reached target .[0;1;39mMulti-User System.[0m.
         Starting .[0;1;39mUpdate UTMP about System Runlevel Changes.[0m...
[.[0;32m  OK  .[0m] Started .[0;1;39mSession c3 of user user.[0m.
[.[0;32m  OK  .[0m] Finished .[0;1;39mUpdate UTMP about System Runlevel Changes.[0m.
[    5.506188] fbcon: Taking over console
[    5.607239] fuse: init (API version 7.31)
[    5.607283] *** VALIDATE fuse ***
[    5.607295] *** VALIDATE fuse ***
[    5.947537] kauditd_printk_skb: 60 callbacks suppressed
[    5.947538] audit: type=1106 audit(1619670630.134:71): pid=754 uid=0 auid=4294967295 ses=4294967295 msg='op=PAM:session_close grantors=pam_keyinit,pam_limits,pam_systemd,pam_unix,pam_umask,pam_lastlog acct="user" exe="/usr/lib/qubes/qrexec-agent" hostname=? addr=? terminal=? res=success'
[    5.947646] audit: type=1104 audit(1619670630.134:72): pid=754 uid=0 auid=4294967295 ses=4294967295 msg='op=PAM:setcred grantors=pam_rootok acct="user" exe="/usr/lib/qubes/qrexec-agent" hostname=? addr=? terminal=? res=success'
[    6.215383] audit: type=1130 audit(1619670630.402:73): pid=1 uid=0 auid=4294967295 ses=4294967295 msg='unit=polkit comm="systemd" exe="/usr/lib/systemd/systemd" hostname=? addr=? terminal=? res=success'
[    6.476750] audit: type=1106 audit(1619670630.663:74): pid=464 uid=0 auid=4294967295 ses=4294967295 msg='op=PAM:session_close grantors=pam_keyinit,pam_limits,pam_systemd,pam_unix,pam_umask,pam_lastlog acct="user" exe="/usr/lib/qubes/qrexec-agent" hostname=? addr=? terminal=? res=success'
[    6.476808] audit: type=1104 audit(1619670630.663:75): pid=464 uid=0 auid=4294967295 ses=4294967295 msg='op=PAM:setcred grantors=pam_rootok acct="user" exe="/usr/lib/qubes/qrexec-agent" hostname=? addr=? terminal=? res=success'

Fedora 32 (Thirty Two)
Kernel 5.4.98-1.fc25.qubes.x86_64 on an x86_64 (hvc0)

sys-vpn login: [    6.508846] audit: type=1100 audit(1619670630.696:76): pid=996 uid=0 auid=4294967295 ses=4294967295 msg='op=PAM:authentication grantors=pam_rootok acct="user" exe="/usr/bin/su" hostname=? addr=? terminal=? res=success'
[    6.509237] audit: type=1101 audit(1619670630.696:77): pid=996 uid=0 auid=4294967295 ses=4294967295 msg='op=PAM:accounting grantors=pam_succeed_if acct="user" exe="/usr/bin/su" hostname=? addr=? terminal=? res=success'
[    6.512244] audit: type=1103 audit(1619670630.699:78): pid=996 uid=0 auid=4294967295 ses=4294967295 msg='op=PAM:setcred grantors=pam_rootok acct="user" exe="/usr/bin/su" hostname=? addr=? terminal=? res=success'
[    6.515913] audit: type=1130 audit(1619670630.702:79): pid=1 uid=0 auid=4294967295 ses=4294967295 msg='unit=rtkit-daemon comm="systemd" exe="/usr/lib/systemd/systemd" hostname=? addr=? terminal=? res=success'
[    6.525744] audit: type=1105 audit(1619670630.712:80): pid=996 uid=0 auid=4294967295 ses=4294967295 msg='op=PAM:session_open grantors=pam_keyinit,pam_keyinit,pam_limits,pam_systemd,pam_unix,pam_umask,pam_xauth acct="user" exe="/usr/bin/su" hostname=? addr=? terminal=? res=success'
[   13.255283] kauditd_printk_skb: 3 callbacks suppressed
[   13.255284] audit: type=1130 audit(1619670637.442:84): pid=1 uid=0 auid=4294967295 ses=4294967295 msg='unit=qubes-sync-time comm="systemd" exe="/usr/lib/systemd/systemd" hostname=? addr=? terminal=? res=success'
[   13.458531] audit: type=1131 audit(1619670637.009:85): pid=1 uid=0 auid=4294967295 ses=4294967295 msg='unit=qubes-sync-time comm="systemd" exe="/usr/lib/systemd/systemd" hostname=? addr=? terminal=? res=success'
[   15.215985] audit: type=1131 audit(1619670638.767:86): pid=1 uid=0 auid=4294967295 ses=4294967295 msg='unit=NetworkManager-dispatcher comm="systemd" exe="/usr/lib/systemd/systemd" hostname=? addr=? terminal=? res=success'
[   34.642186] audit: type=1131 audit(1619670658.193:87): pid=1 uid=0 auid=4294967295 ses=4294967295 msg='unit=systemd-hostnamed comm="systemd" exe="/usr/lib/systemd/systemd" hostname=? addr=? terminal=? res=success'
[  283.480111] blkfront: xvdd: empty flush op failed
[  283.480145] blkfront: xvdd: barrier or flush: disabled; persistent grants: enabled; indirect descriptors: enabled;
[  283.500020] audit: type=1130 audit(1619670907.051:88): pid=1 uid=0 auid=4294967295 ses=4294967295 msg='unit=udisks2 comm="systemd" exe="/usr/lib/systemd/systemd" hostname=? addr=? terminal=? res=success'
[  283.856419] audit: type=1130 audit(1619670907.407:89): pid=1 uid=0 auid=4294967295 ses=4294967295 msg='unit=systemd-hostnamed comm="systemd" exe="/usr/lib/systemd/systemd" hostname=? addr=? terminal=? res=success'
[  331.590358] audit: type=1131 audit(1619670955.141:90): pid=1 uid=0 auid=4294967295 ses=4294967295 msg='unit=systemd-hostnamed comm="systemd" exe="/usr/lib/systemd/systemd" hostname=? addr=? terminal=? res=success'
[  386.996702] audit: type=1130 audit(1619671010.546:91): pid=1 uid=0 auid=4294967295 ses=4294967295 msg='unit=qubes-update-check comm="systemd" exe="/usr/lib/systemd/systemd" hostname=? addr=? terminal=? res=success'
[  386.996799] audit: type=1131 audit(1619671010.547:92): pid=1 uid=0 auid=4294967295 ses=4294967295 msg='unit=qubes-update-check comm="systemd" exe="/usr/lib/systemd/systemd" hostname=? addr=? terminal=? res=success'
[  935.082940] audit: type=1130 audit(1619671558.634:93): pid=1 uid=0 auid=4294967295 ses=4294967295 msg='unit=systemd-tmpfiles-clean comm="systemd" exe="/usr/lib/systemd/systemd" hostname=? addr=? terminal=? res=success'
[  935.082986] audit: type=1131 audit(1619671558.634:94): pid=1 uid=0 auid=4294967295 ses=4294967295 msg='unit=systemd-tmpfiles-clean comm="systemd" exe="/usr/lib/systemd/systemd" hostname=? addr=? terminal=? res=success'
[  939.731868] audit: type=1100 audit(1619671563.283:95): pid=1734 uid=0 auid=4294967295 ses=4294967295 msg='op=PAM:authentication grantors=pam_rootok acct="user" exe="/usr/bin/su" hostname=? addr=? terminal=? res=success'
[  939.731916] audit: type=1101 audit(1619671563.283:96): pid=1734 uid=0 auid=4294967295 ses=4294967295 msg='op=PAM:accounting grantors=pam_succeed_if acct="user" exe="/usr/bin/su" hostname=? addr=? terminal=? res=success'
[  939.732726] audit: type=1103 audit(1619671563.284:97): pid=1734 uid=0 auid=4294967295 ses=4294967295 msg='op=PAM:setcred grantors=pam_rootok acct="user" exe="/usr/bin/su" hostname=? addr=? terminal=? res=success'
[  939.741195] audit: type=1105 audit(1619671563.292:98): pid=1734 uid=0 auid=4294967295 ses=4294967295 msg='op=PAM:session_open grantors=pam_keyinit,pam_keyinit,pam_limits,pam_systemd,pam_unix,pam_umask,pam_xauth acct="user" exe="/usr/bin/su" hostname=? addr=? terminal=? res=success'
[  939.774556] audit: type=1106 audit(1619671563.325:99): pid=1734 uid=0 auid=4294967295 ses=4294967295 msg='op=PAM:session_close grantors=pam_keyinit,pam_keyinit,pam_limits,pam_systemd,pam_unix,pam_umask,pam_xauth acct="user" exe="/usr/bin/su" hostname=? addr=? terminal=? res=success'
[  939.774712] audit: type=1104 audit(1619671563.325:100): pid=1734 uid=0 auid=4294967295 ses=4294967295 msg='op=PAM:setcred grantors=pam_rootok acct="user" exe="/usr/bin/su" hostname=? addr=? terminal=? res=success'
[ 1674.577695] audit: type=1130 audit(1619672298.129:101): pid=1 uid=0 auid=4294967295 ses=4294967295 msg='unit=systemd-hostnamed comm="systemd" exe="/usr/lib/systemd/systemd" hostname=? addr=? terminal=? res=success'
[ 1710.639980] audit: type=1131 audit(1619672334.191:102): pid=1 uid=0 auid=4294967295 ses=4294967295 msg='unit=systemd-hostnamed comm="systemd" exe="/usr/lib/systemd/systemd" hostname=? addr=? terminal=? res=success'
[ 1734.232830] tun: Universal TUN/TAP device driver, 1.6
[ 1792.400703] audit: type=1130 audit(1619672415.952:103): pid=1 uid=0 auid=4294967295 ses=4294967295 msg='unit=NetworkManager-dispatcher comm="systemd" exe="/usr/lib/systemd/systemd" hostname=? addr=? terminal=? res=success'
[ 1802.214561] audit: type=1131 audit(1619672425.765:104): pid=1 uid=0 auid=4294967295 ses=4294967295 msg='unit=NetworkManager-dispatcher comm="systemd" exe="/usr/lib/systemd/systemd" hostname=? addr=? terminal=? res=success'
[ 1817.806594] audit: type=1130 audit(1619672441.357:105): pid=1 uid=0 auid=4294967295 ses=4294967295 msg='unit=systemd-hostnamed comm="systemd" exe="/usr/lib/systemd/systemd" hostname=? addr=? terminal=? res=success'
[ 1847.876186] audit: type=1131 audit(1619672471.427:106): pid=1 uid=0 auid=4294967295 ses=4294967295 msg='unit=systemd-hostnamed comm="systemd" exe="/usr/lib/systemd/systemd" hostname=? addr=? terminal=? res=success'
[ 1907.036529] audit: type=1130 audit(1619672530.587:107): pid=1 uid=0 auid=4294967295 ses=4294967295 msg='unit=NetworkManager-dispatcher comm="systemd" exe="/usr/lib/systemd/systemd" hostname=? addr=? terminal=? res=success'
[ 1907.106651] audit: type=1325 audit(1619672530.653:108): table=nat family=2 entries=18
[ 1907.116766] audit: type=1325 audit(1619672530.663:109): table=nat family=2 entries=14
[ 1917.208903] audit: type=1131 audit(1619672540.760:110): pid=1 uid=0 auid=4294967295 ses=4294967295 msg='unit=NetworkManager-dispatcher comm="systemd" exe="/usr/lib/systemd/systemd" hostname=? addr=? terminal=? res=success'
[ 1988.566532] vif vif-12-0 vif12.0: Guest Rx ready
[ 1988.581617] audit: type=1325 audit(1619672612.127:111): table=raw family=2 entries=0
[ 1988.585964] audit: type=1325 audit(1619672612.133:112): table=raw family=2 entries=3
[ 1988.608680] audit: type=1325 audit(1619672612.152:113): table=raw family=10 entries=0
[ 1988.613652] audit: type=1325 audit(1619672612.161:114): table=raw family=10 entries=3
[ 2100.926608] audit: type=1325 audit(1619672724.473:115): table=raw family=2 entries=5
[ 2100.936627] audit: type=1325 audit(1619672724.483:116): table=raw family=10 entries=4
[ 2100.941858] vif vif-11-0 vif11.0: Guest Rx ready
[ 2100.941958] IPv6: ADDRCONF(NETDEV_CHANGE): vif11.0: link becomes ready
[ 2209.719157] audit: type=1100 audit(1619672833.270:117): pid=2552 uid=0 auid=4294967295 ses=4294967295 msg='op=PAM:authentication grantors=pam_rootok acct="user" exe="/usr/bin/su" hostname=? addr=? terminal=? res=success'
[ 2209.719205] audit: type=1101 audit(1619672833.270:118): pid=2552 uid=0 auid=4294967295 ses=4294967295 msg='op=PAM:accounting grantors=pam_succeed_if acct="user" exe="/usr/bin/su" hostname=? addr=? terminal=? res=success'
[ 2209.719819] audit: type=1103 audit(1619672833.271:119): pid=2552 uid=0 auid=4294967295 ses=4294967295 msg='op=PAM:setcred grantors=pam_rootok acct="user" exe="/usr/bin/su" hostname=? addr=? terminal=? res=success'
[ 2209.728959] audit: type=1105 audit(1619672833.280:120): pid=2552 uid=0 auid=4294967295 ses=4294967295 msg='op=PAM:session_open grantors=pam_keyinit,pam_keyinit,pam_limits,pam_systemd,pam_unix,pam_umask,pam_xauth acct="user" exe="/usr/bin/su" hostname=? addr=? terminal=? res=success'
[ 2209.763053] audit: type=1106 audit(1619672833.314:121): pid=2552 uid=0 auid=4294967295 ses=4294967295 msg='op=PAM:session_close grantors=pam_keyinit,pam_keyinit,pam_limits,pam_systemd,pam_unix,pam_umask,pam_xauth acct="user" exe="/usr/bin/su" hostname=? addr=? terminal=? res=success'
[ 2209.763132] audit: type=1104 audit(1619672833.314:122): pid=2552 uid=0 auid=4294967295 ses=4294967295 msg='op=PAM:setcred grantors=pam_rootok acct="user" exe="/usr/bin/su" hostname=? addr=? terminal=? res=success'
[ 2224.824760] audit: type=1101 audit(1619672848.376:123): pid=2677 uid=1000 auid=1000 ses=1 msg='op=PAM:accounting grantors=pam_unix acct="user" exe="/usr/bin/sudo" hostname=? addr=? terminal=/dev/pts/0 res=success'
[ 2224.824849] audit: type=1123 audit(1619672848.376:124): pid=2677 uid=1000 auid=1000 ses=1 msg='cwd="/home/user" cmd=6E616E6F202F72772F636F6E6669672F72632E6C6F63616C exe="/usr/bin/sudo" terminal=pts/0 res=failed'
[ 2347.378927] audit: type=1101 audit(1619672970.930:125): pid=2754 uid=1000 auid=1000 ses=1 msg='op=PAM:accounting grantors=pam_unix acct="user" exe="/usr/bin/sudo" hostname=? addr=? terminal=/dev/pts/1 res=success'
[ 2347.379090] audit: type=1123 audit(1619672970.930:126): pid=2754 uid=1000 auid=1000 ses=1 msg='cwd="/home/user" cmd=7669202F72772F636F6E6669672F72632E6C6F63616C exe="/usr/bin/sudo" terminal=pts/1 res=success'
[ 2347.384834] audit: type=1110 audit(1619672970.936:127): pid=2754 uid=0 auid=1000 ses=1 msg='op=PAM:setcred grantors=pam_env,pam_unix acct="root" exe="/usr/bin/sudo" hostname=? addr=? terminal=/dev/pts/1 res=success'
[ 2347.386692] audit: type=1105 audit(1619672970.938:128): pid=2754 uid=0 auid=1000 ses=1 msg='op=PAM:session_open grantors=pam_keyinit,pam_limits,pam_keyinit,pam_limits,pam_systemd,pam_unix acct="root" exe="/usr/bin/sudo" hostname=? addr=? terminal=/dev/pts/1 res=success'
[ 2430.767481] audit: type=1106 audit(1619673054.318:129): pid=2754 uid=0 auid=1000 ses=1 msg='op=PAM:session_close grantors=pam_keyinit,pam_limits,pam_keyinit,pam_limits,pam_systemd,pam_unix acct="root" exe="/usr/bin/sudo" hostname=? addr=? terminal=/dev/pts/1 res=success'
[ 2430.767538] audit: type=1104 audit(1619673054.318:130): pid=2754 uid=0 auid=1000 ses=1 msg='op=PAM:setcred grantors=pam_env,pam_unix acct="root" exe="/usr/bin/sudo" hostname=? addr=? terminal=/dev/pts/1 res=success'
[ 2519.405615] audit: type=1325 audit(1619673142.953:131): table=raw family=2 entries=7
[ 2519.414630] audit: type=1325 audit(1619673142.962:132): table=raw family=10 entries=5
[ 2524.293859] audit: type=1325 audit(1619673147.841:133): table=raw family=2 entries=5
[ 2524.303961] audit: type=1325 audit(1619673147.850:134): table=raw family=10 entries=4
         Stopping .[0;1;39mSession c3 of user user.[0m.
[.[0;32m  OK  .[0m] Removed slice .[0;1;39msystem-modprobe.slice.[0m.
[.[0;32m  OK  .[0m] Stopped target .[0;1;39mMulti-User System.[0m.
[.[0;32m  OK  .[0m] Stopped target .[0;1;39mLogin Prompts.[0m.
[.[0;32m  OK  .[0m] Stopped target .[0;1;39mTimers.[0m.
[.[0;32m  OK  .[0m] Stopped .[0;1;39mDiscard unused blocks once a week.[0m.
[.[0;32m  OK  .[0m] Stopped .[0;1;39mDaily rotation of log files.[0m.
[.[0;32m  OK  .[0m] Stopped .[0;1;39mUpdate system time each 6h.[0m.
[.[0;32m  OK  .[0m] Stopped .[0;1;39mPeriodically check for updates.[0m.
[.[0;32m  OK  .[0m] Stopped .[0;1;39mWeekly RAID setup health check.[0m.
[.[0;32m  OK  .[0m] Stopped .[0;1;39mDaily Cleanup of Temporary Directories.[0m.
[.[0;32m  OK  .[0m] Stopped .[0;1;39mdaily update of the root trust anchor for DNSSEC.[0m.
[.[0;32m  OK  .[0m] Stopped target .[0;1;39mSystem Time Synchronized.[0m.
[.[0;32m  OK  .[0m] Stopped target .[0;1;39mSystem Time Set.[0m.
[.[0;32m  OK  .[0m] Closed .[0;1;39mLoad/Save RF Kill Switch Status /dev/rfkill Watch.[0m.
         Stopping .[0;1;39mModem Manager.[0m...
         Stopping .[0;1;39mRestore /run/initramfs on shutdown.[0m...
         Stopping .[0;1;39mGetty on tty1.[0m...
         Stopping .[0;1;39mPackageKit Daemon.[0m...
         Stopping .[0;1;39mAuthorization Manager.[0m...
         Stopping .[0;1;39mQubes GUI Agent.[0m...
         Stopping .[0;1;39mQubes misc post-boot actions.[0m...
         Stopping .[0;1;39mQubes remote exec agent.[0m...
         Stopping .[0;1;39mRealtimeKit Scheduling Policy Service.[0m...
         Stopping .[0;1;39mSerial Getty on hvc0.[0m...
         Stopping .[0;1;39mHome Area Manager.[0m...
         Stopping .[0;1;39mLoad/Save Random Seed.[0m...
[.[0;32m  OK  .[0m] Stopped .[0;1;39mRepartition Root Disk.[0m.
[ 2531.329296] audit: type=1131 audit(1619673154.880:135): pid=1 uid=0 auid=4294967295 ses=4294967295 msg='unit=systemd-repart comm="systemd" exe="/usr/lib/systemd/systemd" hostname=? addr=? terminal=? res=success'
         Stopping .[0;1;39mDisk Manager.[0m...
[.[0;32m  OK  .[0m] Stopped .[0;1;39mHome Area Manager.[0m.
[ 2531.333785] audit: type=1131 audit(1619673154.885:136): pid=1 uid=0 auid=4294967295 ses=4294967295 msg='unit=systemd-homed comm="systemd" exe="/usr/lib/systemd/systemd" hostname=? addr=? terminal=? res=success'
[.[0;32m  OK  .[0m] Stopped .[0;1;39mModem Manager.[0m.
[ 2531.349542] u2mfn_release, priv=0000000000000000
[ 2531.349561] audit: type=1131 audit(1619673154.900:137): pid=1 uid=0 auid=4294967295 ses=4294967295 msg='unit=ModemManager comm="systemd" exe="/usr/lib/systemd/systemd" hostname=? addr=? terminal=? res=success'
[.[0;32m  OK  .[0m] Stopped .[0;1;39mQubes remote exec agent.[0m.
[ 2531.350743] audit: type=1131 audit(1619673154.902:138): pid=1 uid=0 auid=4294967295 ses=4294967295 msg='unit=qubes-qrexec-agent comm="systemd" exe="/usr/lib/systemd/systemd" hostname=? addr=? terminal=? res=success'
[.[0;32m  OK  .[0m] Stopped .[0;1;39mGetty on tty1.[0m.
[ 2531.351503] audit: type=1131 audit(1619673154.902:139): pid=1 uid=0 auid=4294967295 ses=4294967295 msg='unit=getty@tty1 comm="systemd" exe="/usr/lib/systemd/systemd" hostname=? addr=? terminal=? res=success'
[.[0;32m  OK  .[0m] Stopped .[0;1;39mSerial Getty on hvc0.[0m.
[ 2531.352223] audit: type=1131 audit(1619673154.903:140): pid=1 uid=0 auid=4294967295 ses=4294967295 msg='unit=serial-getty@hvc0 comm="systemd" exe="/usr/lib/systemd/systemd" hostname=? addr=? terminal=? res=success'
[.[0;32m  OK  .[0m] Stopped .[0;1;39mAuthorization Manager.[0m.
[ 2531.353405] audit: type=1131 audit(1619673154.904:141): pid=1 uid=0 auid=4294967295 ses=4294967295 msg='unit=polkit comm="systemd" exe="/usr/lib/systemd/systemd" hostname=? addr=? terminal=? res=success'
[.[0;32m  OK  .[0m] Stopped .[0;1;39mRealtimeKit Scheduling Policy Service.[0m.
[ 2531.356788] audit: type=1131 audit(1619673154.908:142): pid=1 uid=0 auid=4294967295 ses=4294967295 msg='unit=rtkit-daemon comm="systemd" exe="/usr/lib/systemd/systemd" hostname=? addr=? terminal=? res=success'
[.[0;32m  OK  .[0m] Stopped .[0;1;39mDisk Manager.[0m.
[ 2531.358800] audit: type=1131 audit(1619673154.910:143): pid=1 uid=0 auid=4294967295 ses=4294967295 msg='unit=udisks2 comm="systemd" exe="/usr/lib/systemd/systemd" hostname=? addr=? terminal=? res=success'
[.[0;32m  OK  .[0m] Stopped .[0;1;39mRestore /run/initramfs on shutdown.[0m.
[ 2531.523103] audit: type=1131 audit(1619673155.074:144): pid=1 uid=0 auid=4294967295 ses=4294967295 msg='unit=dracut-shutdown comm="systemd" exe="/usr/lib/systemd/systemd" hostname=? addr=? terminal=? res=success'
[.[0;32m  OK  .[0m] Stopped .[0;1;39mPackageKit Daemon.[0m.
[.[0;32m  OK  .[0m] Stopped .[0;1;39mQubes misc post-boot actions.[0m.
[.[0;32m  OK  .[0m] Stopped .[0;1;39mLoad/Save Random Seed.[0m.
[.[0;32m  OK  .[0m] Removed slice .[0;1;39msystem-getty.slice.[0m.
[.[0;32m  OK  .[0m] Removed slice .[0;1;39msystem-serial\x2dgetty.slice.[0m.
         Stopping .[0;1;39mXen driver domain device daemon.[0m...
[.[0;32m  OK  .[0m] Stopped .[0;1;39mXen driver domain device daemon.[0m.
[.[0;32m  OK  .[0m] Stopped .[0;1;39mSession c3 of user user.[0m.
         Stopping .[0;1;39mLogin Service.[0m...
         Stopping .[0;1;39mUser Manager for UID 1000.[0m...
[.[0;32m  OK  .[0m] Stopped .[0;1;39mQubes GUI Agent.[0m.
         Stopping .[0;1;39mQubes memory information reporter.[0m...
[.[0;32m  OK  .[0m] Stopped .[0;1;39mQubes memory information reporter.[0m.
[.[0;32m  OK  .[0m] Stopped .[0;1;39mLogin Service.[0m.
[.[0;32m  OK  .[0m] Unmounted .[0;1;39m/run/user/1000/gvfs.[0m.
[.[0;32m  OK  .[0m] Unmounted .[0;1;39m/run/user/1000/doc.[0m.
[.[0;32m  OK  .[0m] Stopped .[0;1;39mUser Manager for UID 1000.[0m.
         Stopping .[0;1;39mUser Runtime Directory /run/user/1000.[0m...
[.[0;32m  OK  .[0m] Unmounted .[0;1;39m/run/user/1000.[0m.
[.[0;32m  OK  .[0m] Stopped .[0;1;39mUser Runtime Directory /run/user/1000.[0m.
[.[0;32m  OK  .[0m] Removed slice .[0;1;39mUser Slice of UID 1000.[0m.
         Stopping .[0;1;39mPermit User Sessions.[0m...
[.[0;32m  OK  .[0m] Stopped .[0;1;39mPermit User Sessions.[0m.
[.[0;32m  OK  .[0m] Stopped target .[0;1;39mNetwork.[0m.
[.[0;32m  OK  .[0m] Stopped target .[0;1;39mRemote File Systems.[0m.
         Stopping .[0;1;39mNetwork Manager.[0m...
         Stopping .[0;1;39mQubes network forwarding setup.[0m...
[.[0;32m  OK  .[0m] Stopped .[0;1;39mQubes network forwarding setup.[0m.
         Stopping .[0;1;39mQubes firewall updater.[0m...
[.[0;32m  OK  .[0m] Stopped .[0;1;39mQubes firewall updater.[0m.
[.[0;32m  OK  .[0m] Stopped .[0;1;39mQubes base firewall settings.[0m.
[.[0;32m  OK  .[0m] Stopped .[0;1;39mNetwork Manager.[0m.
[.[0;32m  OK  .[0m] Stopped target .[0;1;39mBasic System.[0m.
[.[0;32m  OK  .[0m] Stopped target .[0;1;39mPaths.[0m.
[.[0;32m  OK  .[0m] Stopped target .[0;1;39mSlices.[0m.
[.[0;32m  OK  .[0m] Removed slice .[0;1;39mUser and Session Slice.[0m.
[.[0;32m  OK  .[0m] Stopped target .[0;1;39mSockets.[0m.
         Stopping .[0;1;39mD-Bus System Message Bus.[0m...
[.[0;32m  OK  .[0m] Stopped .[0;1;39mD-Bus System Message Bus.[0m.
[.[0;32m  OK  .[0m] Closed .[0;1;39mD-Bus System Message Bus Socket.[0m.
[.[0;32m  OK  .[0m] Stopped target .[0;1;39mSystem Initialization.[0m.
[.[0;32m  OK  .[0m] Stopped target .[0;1;39mLocal Encrypted Volumes.[0m.
[.[0;32m  OK  .[0m] Stopped .[0;1;39mDispatch Password …ts to Console Directory Watch.[0m.
[.[0;32m  OK  .[0m] Stopped .[0;1;39mForward Password R…uests to Wall Directory Watch.[0m.
[.[0;32m  OK  .[0m] Stopped .[0;1;39mApply Kernel Variables.[0m.
[.[0;32m  OK  .[0m] Stopped .[0;1;39mLoad Kernel Modules.[0m.
         Stopping .[0;1;39mUpdate UTMP about System Boot/Shutdown.[0m...
[.[0;32m  OK  .[0m] Stopped .[0;1;39mUpdate UTMP about System Boot/Shutdown.[0m.
[.[0;32m  OK  .[0m] Stopped .[0;1;39mCreate Volatile Files and Directories.[0m.
[.[0;32m  OK  .[0m] Stopped target .[0;1;39mLocal File Systems.[0m.
         Unmounting .[0;1;39m/home.[0m...
         Unmounting .[0;1;39mTemporary Directory (/tmp).[0m...
         Unmounting .[0;1;39m/usr/lib/modules.[0m...
         Unmounting .[0;1;39m/usr/local.[0m...
[.[0;32m  OK  .[0m] Unmounted .[0;1;39m/home.[0m.
[.[0;32m  OK  .[0m] Unmounted .[0;1;39m/usr/local.[0m.
         Unmounting .[0;1;39m/rw.[0m...
[.[0;32m  OK  .[0m] Unmounted .[0;1;39mTemporary Directory (/tmp).[0m.
[.[0;32m  OK  .[0m] Stopped target .[0;1;39mSwap.[0m.
         Deactivating swap .[0;1;39m/dev/disk/by-partuuid/1f3e4453-01.[0m...
[.[0;32m  OK  .[0m] Deactivated swap .[0;1;39m/dev/disk…1-deeb-4c4f-a509-9081f84f2cc8.[0m.
[.[0;32m  OK  .[0m] Deactivated swap .[0;1;39m/dev/disk/by-partuuid/1f3e4453-01.[0m.
[.[0;32m  OK  .[0m] Deactivated swap .[0;1;39m/dev/xvdc1.[0m.
